Archive member included to satisfy reference by file (symbol)

c:/st/stm32cubeide_1.5.0/stm32cubeide/plugins/com.st.stm32cube.ide.mcu.externaltools.gnu-tools-for-stm32.10.3-2021.10.win32_1.0.0.202111181127/tools/bin/../lib/gcc/arm-none-eabi/10.3.1/../../../../arm-none-eabi/lib/thumb/v7e-m+fp/hard\libc_nano.a(lib_a-errno.o)
                              ./Core/Src/syscalls.o (__errno)
c:/st/stm32cubeide_1.5.0/stm32cubeide/plugins/com.st.stm32cube.ide.mcu.externaltools.gnu-tools-for-stm32.10.3-2021.10.win32_1.0.0.202111181127/tools/bin/../lib/gcc/arm-none-eabi/10.3.1/../../../../arm-none-eabi/lib/thumb/v7e-m+fp/hard\libc_nano.a(lib_a-exit.o)
                              c:/st/stm32cubeide_1.5.0/stm32cubeide/plugins/com.st.stm32cube.ide.mcu.externaltools.gnu-tools-for-stm32.10.3-2021.10.win32_1.0.0.202111181127/tools/bin/../lib/gcc/arm-none-eabi/10.3.1/../../../../arm-none-eabi/lib/thumb/v7e-m+fp/hard/crt0.o (exit)
c:/st/stm32cubeide_1.5.0/stm32cubeide/plugins/com.st.stm32cube.ide.mcu.externaltools.gnu-tools-for-stm32.10.3-2021.10.win32_1.0.0.202111181127/tools/bin/../lib/gcc/arm-none-eabi/10.3.1/../../../../arm-none-eabi/lib/thumb/v7e-m+fp/hard\libc_nano.a(lib_a-impure.o)
                              c:/st/stm32cubeide_1.5.0/stm32cubeide/plugins/com.st.stm32cube.ide.mcu.externaltools.gnu-tools-for-stm32.10.3-2021.10.win32_1.0.0.202111181127/tools/bin/../lib/gcc/arm-none-eabi/10.3.1/../../../../arm-none-eabi/lib/thumb/v7e-m+fp/hard\libc_nano.a(lib_a-exit.o) (_global_impure_ptr)
c:/st/stm32cubeide_1.5.0/stm32cubeide/plugins/com.st.stm32cube.ide.mcu.externaltools.gnu-tools-for-stm32.10.3-2021.10.win32_1.0.0.202111181127/tools/bin/../lib/gcc/arm-none-eabi/10.3.1/../../../../arm-none-eabi/lib/thumb/v7e-m+fp/hard\libc_nano.a(lib_a-init.o)
                              c:/st/stm32cubeide_1.5.0/stm32cubeide/plugins/com.st.stm32cube.ide.mcu.externaltools.gnu-tools-for-stm32.10.3-2021.10.win32_1.0.0.202111181127/tools/bin/../lib/gcc/arm-none-eabi/10.3.1/../../../../arm-none-eabi/lib/thumb/v7e-m+fp/hard/crt0.o (__libc_init_array)
c:/st/stm32cubeide_1.5.0/stm32cubeide/plugins/com.st.stm32cube.ide.mcu.externaltools.gnu-tools-for-stm32.10.3-2021.10.win32_1.0.0.202111181127/tools/bin/../lib/gcc/arm-none-eabi/10.3.1/../../../../arm-none-eabi/lib/thumb/v7e-m+fp/hard\libc_nano.a(lib_a-memset.o)
                              c:/st/stm32cubeide_1.5.0/stm32cubeide/plugins/com.st.stm32cube.ide.mcu.externaltools.gnu-tools-for-stm32.10.3-2021.10.win32_1.0.0.202111181127/tools/bin/../lib/gcc/arm-none-eabi/10.3.1/../../../../arm-none-eabi/lib/thumb/v7e-m+fp/hard/crt0.o (memset)
c:/st/stm32cubeide_1.5.0/stm32cubeide/plugins/com.st.stm32cube.ide.mcu.externaltools.gnu-tools-for-stm32.10.3-2021.10.win32_1.0.0.202111181127/tools/bin/../lib/gcc/arm-none-eabi/10.3.1/../../../../arm-none-eabi/lib/thumb/v7e-m+fp/hard\libc_nano.a(lib_a-strlen.o)
                              ./Core/Src/main.o (strlen)
c:/st/stm32cubeide_1.5.0/stm32cubeide/plugins/com.st.stm32cube.ide.mcu.externaltools.gnu-tools-for-stm32.10.3-2021.10.win32_1.0.0.202111181127/tools/bin/../lib/gcc/arm-none-eabi/10.3.1/thumb/v7e-m+fp/hard\libgcc.a(_aeabi_uldivmod.o)
                              ./Drivers/STM32L4xx_HAL_Driver/Src/stm32l4xx_hal_uart.o (__aeabi_uldivmod)
c:/st/stm32cubeide_1.5.0/stm32cubeide/plugins/com.st.stm32cube.ide.mcu.externaltools.gnu-tools-for-stm32.10.3-2021.10.win32_1.0.0.202111181127/tools/bin/../lib/gcc/arm-none-eabi/10.3.1/thumb/v7e-m+fp/hard\libgcc.a(_udivmoddi4.o)
                              c:/st/stm32cubeide_1.5.0/stm32cubeide/plugins/com.st.stm32cube.ide.mcu.externaltools.gnu-tools-for-stm32.10.3-2021.10.win32_1.0.0.202111181127/tools/bin/../lib/gcc/arm-none-eabi/10.3.1/thumb/v7e-m+fp/hard\libgcc.a(_aeabi_uldivmod.o) (__udivmoddi4)
c:/st/stm32cubeide_1.5.0/stm32cubeide/plugins/com.st.stm32cube.ide.mcu.externaltools.gnu-tools-for-stm32.10.3-2021.10.win32_1.0.0.202111181127/tools/bin/../lib/gcc/arm-none-eabi/10.3.1/thumb/v7e-m+fp/hard\libgcc.a(_dvmd_tls.o)
                              c:/st/stm32cubeide_1.5.0/stm32cubeide/plugins/com.st.stm32cube.ide.mcu.externaltools.gnu-tools-for-stm32.10.3-2021.10.win32_1.0.0.202111181127/tools/bin/../lib/gcc/arm-none-eabi/10.3.1/thumb/v7e-m+fp/hard\libgcc.a(_aeabi_uldivmod.o) (__aeabi_ldiv0)

Discarded input sections

 .text          0x0000000000000000        0x0 c:/st/stm32cubeide_1.5.0/stm32cubeide/plugins/com.st.stm32cube.ide.mcu.externaltools.gnu-tools-for-stm32.10.3-2021.10.win32_1.0.0.202111181127/tools/bin/../lib/gcc/arm-none-eabi/10.3.1/thumb/v7e-m+fp/hard/crti.o
 .data          0x0000000000000000        0x0 c:/st/stm32cubeide_1.5.0/stm32cubeide/plugins/com.st.stm32cube.ide.mcu.externaltools.gnu-tools-for-stm32.10.3-2021.10.win32_1.0.0.202111181127/tools/bin/../lib/gcc/arm-none-eabi/10.3.1/thumb/v7e-m+fp/hard/crti.o
[...]
Memory Configuration

Name             Origin             Length             Attributes
RAM              0x0000000020000000 0x0000000000050000 xrw
RAM2             0x0000000010000000 0x0000000000010000 xrw
FLASH            0x0000000008000000 0x0000000000100000 xr
*default*        0x0000000000000000 0xffffffffffffffff

Linker script and memory map

LOAD c:/st/stm32cubeide_1.5.0/stm32cubeide/plugins/com.st.stm32cube.ide.mcu.externaltools.gnu-tools-for-stm32.10.3-2021.10.win32_1.0.0.202111181127/tools/bin/../lib/gcc/arm-none-eabi/10.3.1/thumb/v7e-m+fp/hard/crti.o
LOAD c:/st/stm32cubeide_1.5.0/stm32cubeide/plugins/com.st.stm32cube.ide.mcu.externaltools.gnu-tools-for-stm32.10.3-2021.10.win32_1.0.0.202111181127/tools/bin/../lib/gcc/arm-none-eabi/10.3.1/thumb/v7e-m+fp/hard/crtbegin.o
LOAD c:/st/stm32cubeide_1.5.0/stm32cubeide/plugins/com.st.stm32cube.ide.mcu.externaltools.gnu-tools-for-stm32.10.3-2021.10.win32_1.0.0.202111181127/tools/bin/../lib/gcc/arm-none-eabi/10.3.1/../../../../arm-none-eabi/lib/thumb/v7e-m+fp/hard/crt0.o
LOAD ./Core/Src/main.o
LOAD ./Core/Src/stm32l4xx_hal_msp.o
LOAD ./Core/Src/stm32l4xx_it.o
LOAD ./Core/Src/syscalls.o
LOAD ./Core/Src/sysmem.o
LOAD ./Core/Src/system_stm32l4xx.o
LOAD ./Core/Startup/startup_stm32l496agix.o
LOAD ./Drivers/STM32L4xx_HAL_Driver/Src/stm32l4xx_hal.o
LOAD ./Drivers/STM32L4xx_HAL_Driver/Src/stm32l4xx_hal_adc.o
LOAD ./Drivers/STM32L4xx_HAL_Driver/Src/stm32l4xx_hal_adc_ex.o
LOAD ./Drivers/STM32L4xx_HAL_Driver/Src/stm32l4xx_hal_cortex.o
LOAD ./Drivers/STM32L4xx_HAL_Driver/Src/stm32l4xx_hal_dcmi.o
LOAD ./Drivers/STM32L4xx_HAL_Driver/Src/stm32l4xx_hal_dfsdm.o
LOAD ./Drivers/STM32L4xx_HAL_Driver/Src/stm32l4xx_hal_dma.o
LOAD ./Drivers/STM32L4xx_HAL_Driver/Src/stm32l4xx_hal_dma_ex.o
LOAD ./Drivers/STM32L4xx_HAL_Driver/Src/stm32l4xx_hal_exti.o
LOAD ./Drivers/STM32L4xx_HAL_Driver/Src/stm32l4xx_hal_flash.o
LOAD ./Drivers/STM32L4xx_HAL_Driver/Src/stm32l4xx_hal_flash_ex.o
LOAD ./Drivers/STM32L4xx_HAL_Driver/Src/stm32l4xx_hal_flash_ramfunc.o
LOAD ./Drivers/STM32L4xx_HAL_Driver/Src/stm32l4xx_hal_gpio.o
LOAD ./Drivers/STM32L4xx_HAL_Driver/Src/stm32l4xx_hal_i2c.o
LOAD ./Drivers/STM32L4xx_HAL_Driver/Src/stm32l4xx_hal_i2c_ex.o
LOAD ./Drivers/STM32L4xx_HAL_Driver/Src/stm32l4xx_hal_pcd.o
LOAD ./Drivers/STM32L4xx_HAL_Driver/Src/stm32l4xx_hal_pcd_ex.o
LOAD ./Drivers/STM32L4xx_HAL_Driver/Src/stm32l4xx_hal_pwr.o
LOAD ./Drivers/STM32L4xx_HAL_Driver/Src/stm32l4xx_hal_pwr_ex.o
LOAD ./Drivers/STM32L4xx_HAL_Driver/Src/stm32l4xx_hal_qspi.o
LOAD ./Drivers/STM32L4xx_HAL_Driver/Src/stm32l4xx_hal_rcc.o
LOAD ./Drivers/STM32L4xx_HAL_Driver/Src/stm32l4xx_hal_rcc_ex.o
LOAD ./Drivers/STM32L4xx_HAL_Driver/Src/stm32l4xx_hal_sai.o
LOAD ./Drivers/STM32L4xx_HAL_Driver/Src/stm32l4xx_hal_sai_ex.o
LOAD ./Drivers/STM32L4xx_HAL_Driver/Src/stm32l4xx_hal_sd.o
LOAD ./Drivers/STM32L4xx_HAL_Driver/Src/stm32l4xx_hal_sd_ex.o
LOAD ./Drivers/STM32L4xx_HAL_Driver/Src/stm32l4xx_hal_spi.o
LOAD ./Drivers/STM32L4xx_HAL_Driver/Src/stm32l4xx_hal_spi_ex.o
LOAD ./Drivers/STM32L4xx_HAL_Driver/Src/stm32l4xx_hal_sram.o
LOAD ./Drivers/STM32L4xx_HAL_Driver/Src/stm32l4xx_hal_tim.o
LOAD ./Drivers/STM32L4xx_HAL_Driver/Src/stm32l4xx_hal_tim_ex.o
LOAD ./Drivers/STM32L4xx_HAL_Driver/Src/stm32l4xx_hal_uart.o
LOAD ./Drivers/STM32L4xx_HAL_Driver/Src/stm32l4xx_hal_uart_ex.o
LOAD ./Drivers/STM32L4xx_HAL_Driver/Src/stm32l4xx_ll_fmc.o
LOAD ./Drivers/STM32L4xx_HAL_Driver/Src/stm32l4xx_ll_sdmmc.o
LOAD ./Drivers/STM32L4xx_HAL_Driver/Src/stm32l4xx_ll_usb.o
LOAD ./Middlewares/ST/STM32_USB_Device_Library/Class/CDC/Src/usbd_cdc.o
LOAD ./Middlewares/ST/STM32_USB_Device_Library/Core/Src/usbd_core.o
LOAD ./Middlewares/ST/STM32_USB_Device_Library/Core/Src/usbd_ctlreq.o
LOAD ./Middlewares/ST/STM32_USB_Device_Library/Core/Src/usbd_ioreq.o
LOAD ./USB_DEVICE/App/usb_device.o
LOAD ./USB_DEVICE/App/usbd_cdc_if.o
LOAD ./USB_DEVICE/App/usbd_desc.o
LOAD ./USB_DEVICE/Target/usbd_conf.o
START GROUP
LOAD c:/st/stm32cubeide_1.5.0/stm32cubeide/plugins/com.st.stm32cube.ide.mcu.externaltools.gnu-tools-for-stm32.10.3-2021.10.win32_1.0.0.202111181127/tools/bin/../lib/gcc/arm-none-eabi/10.3.1/../../../../arm-none-eabi/lib/thumb/v7e-m+fp/hard\libc_nano.a
LOAD c:/st/stm32cubeide_1.5.0/stm32cubeide/plugins/com.st.stm32cube.ide.mcu.externaltools.gnu-tools-for-stm32.10.3-2021.10.win32_1.0.0.202111181127/tools/bin/../lib/gcc/arm-none-eabi/10.3.1/../../../../arm-none-eabi/lib/thumb/v7e-m+fp/hard\libm.a
END GROUP
START GROUP
LOAD c:/st/stm32cubeide_1.5.0/stm32cubeide/plugins/com.st.stm32cube.ide.mcu.externaltools.gnu-tools-for-stm32.10.3-2021.10.win32_1.0.0.202111181127/tools/bin/../lib/gcc/arm-none-eabi/10.3.1/thumb/v7e-m+fp/hard\libgcc.a
LOAD c:/st/stm32cubeide_1.5.0/stm32cubeide/plugins/com.st.stm32cube.ide.mcu.externaltools.gnu-tools-for-stm32.10.3-2021.10.win32_1.0.0.202111181127/tools/bin/../lib/gcc/arm-none-eabi/10.3.1/../../../../arm-none-eabi/lib/thumb/v7e-m+fp/hard\libc_nano.a
END GROUP
START GROUP
LOAD c:/st/stm32cubeide_1.5.0/stm32cubeide/plugins/com.st.stm32cube.ide.mcu.externaltools.gnu-tools-for-stm32.10.3-2021.10.win32_1.0.0.202111181127/tools/bin/../lib/gcc/arm-none-eabi/10.3.1/thumb/v7e-m+fp/hard\libgcc.a
LOAD c:/st/stm32cubeide_1.5.0/stm32cubeide/plugins/com.st.stm32cube.ide.mcu.externaltools.gnu-tools-for-stm32.10.3-2021.10.win32_1.0.0.202111181127/tools/bin/../lib/gcc/arm-none-eabi/10.3.1/../../../../arm-none-eabi/lib/thumb/v7e-m+fp/hard\libc_nano.a
LOAD c:/st/stm32cubeide_1.5.0/stm32cubeide/plugins/com.st.stm32cube.ide.mcu.externaltools.gnu-tools-for-stm32.10.3-2021.10.win32_1.0.0.202111181127/tools/bin/../lib/gcc/arm-none-eabi/10.3.1/../../../../arm-none-eabi/lib/thumb/v7e-m+fp/hard\libnosys.a
END GROUP
START GROUP
LOAD c:/st/stm32cubeide_1.5.0/stm32cubeide/plugins/com.st.stm32cube.ide.mcu.externaltools.gnu-tools-for-stm32.10.3-2021.10.win32_1.0.0.202111181127/tools/bin/../lib/gcc/arm-none-eabi/10.3.1/thumb/v7e-m+fp/hard\libgcc.a
LOAD c:/st/stm32cubeide_1.5.0/stm32cubeide/plugins/com.st.stm32cube.ide.mcu.externaltools.gnu-tools-for-stm32.10.3-2021.10.win32_1.0.0.202111181127/tools/bin/../lib/gcc/arm-none-eabi/10.3.1/../../../../arm-none-eabi/lib/thumb/v7e-m+fp/hard\libc_nano.a
LOAD c:/st/stm32cubeide_1.5.0/stm32cubeide/plugins/com.st.stm32cube.ide.mcu.externaltools.gnu-tools-for-stm32.10.3-2021.10.win32_1.0.0.202111181127/tools/bin/../lib/gcc/arm-none-eabi/10.3.1/../../../../arm-none-eabi/lib/thumb/v7e-m+fp/hard\libnosys.a
END GROUP
LOAD c:/st/stm32cubeide_1.5.0/stm32cubeide/plugins/com.st.stm32cube.ide.mcu.externaltools.gnu-tools-for-stm32.10.3-2021.10.win32_1.0.0.202111181127/tools/bin/../lib/gcc/arm-none-eabi/10.3.1/thumb/v7e-m+fp/hard/crtend.o
LOAD c:/st/stm32cubeide_1.5.0/stm32cubeide/plugins/com.st.stm32cube.ide.mcu.externaltools.gnu-tools-for-stm32.10.3-2021.10.win32_1.0.0.202111181127/tools/bin/../lib/gcc/arm-none-eabi/10.3.1/thumb/v7e-m+fp/hard/crtn.o
                0x0000000020050000                _estack = (ORIGIN (RAM) + LENGTH (RAM))
                0x0000000000000200                _Min_Heap_Size = 0x200
                0x0000000000000400                _Min_Stack_Size = 0x400

.isr_vector     0x0000000008000000      0x1ac
                0x0000000008000000                . = ALIGN (0x4)
 *(.isr_vector)
 .isr_vector    0x0000000008000000      0x1ac ./Core/Startup/startup_stm32l496agix.o
                0x0000000008000000                g_pfnVectors
                0x00000000080001ac                . = ALIGN (0x4)

.text           0x00000000080001ac     0xe62c
                0x00000000080001ac                . = ALIGN (0x4)
 *(.text)
 .text          0x00000000080001ac       0x40 c:/st/stm32cubeide_1.5.0/stm32cubeide/plugins/com.st.stm32cube.ide.mcu.externaltools.gnu-tools-for-stm32.10.3-2021.10.win32_1.0.0.202111181127/tools/bin/../lib/gcc/arm-none-eabi/10.3.1/thumb/v7e-m+fp/hard/crtbegin.o
 .text          0x00000000080001ec       0x10 c:/st/stm32cubeide_1.5.0/stm32cubeide/plugins/com.st.stm32cube.ide.mcu.externaltools.gnu-tools-for-stm32.10.3-2021.10.win32_1.0.0.202111181127/tools/bin/../lib/gcc/arm-none-eabi/10.3.1/../../../../arm-none-eabi/lib/thumb/v7e-m+fp/hard\libc_nano.a(lib_a-strlen.o)
                0x00000000080001ec                strlen
 .text          0x00000000080001fc       0x30 c:/st/stm32cubeide_1.5.0/stm32cubeide/plugins/com.st.stm32cube.ide.mcu.externaltools.gnu-tools-for-stm32.10.3-2021.10.win32_1.0.0.202111181127/tools/bin/../lib/gcc/arm-none-eabi/10.3.1/thumb/v7e-m+fp/hard\libgcc.a(_aeabi_uldivmod.o)
                0x00000000080001fc                __aeabi_uldivmod
 .text          0x000000000800022c      0x2d0 c:/st/stm32cubeide_1.5.0/stm32cubeide/plugins/com.st.stm32cube.ide.mcu.externaltools.gnu-tools-for-stm32.10.3-2021.10.win32_1.0.0.202111181127/tools/bin/../lib/gcc/arm-none-eabi/10.3.1/thumb/v7e-m+fp/hard\libgcc.a(_udivmoddi4.o)
                0x000000000800022c                __udivmoddi4
 .text          0x00000000080004fc        0x4 c:/st/stm32cubeide_1.5.0/stm32cubeide/plugins/com.st.stm32cube.ide.mcu.externaltools.gnu-tools-for-stm32.10.3-2021.10.win32_1.0.0.202111181127/tools/bin/../lib/gcc/arm-none-eabi/10.3.1/thumb/v7e-m+fp/hard\libgcc.a(_dvmd_tls.o)
                0x00000000080004fc                __aeabi_idiv0
                0x00000000080004fc                __aeabi_ldiv0
 *(.text*)
 .text.main     0x0000000008000500      0x100 ./Core/Src/main.o
                0x0000000008000500                main
 .text.SystemClock_Config
                0x0000000008000600       0xc4 ./Core/Src/main.o
                0x0000000008000600                SystemClock_Config
 .text.PeriphCommonClock_Config
                0x00000000080006c4       0x6c ./Core/Src/main.o
                0x00000000080006c4                PeriphCommonClock_Config
 .text.MX_NVIC_Init
                0x0000000008000730       0x48 ./Core/Src/main.o
 .text.MX_ADC1_Init
                0x0000000008000778       0xec ./Core/Src/main.o
 .text.MX_ADC2_Init
                0x0000000008000864       0xc8 ./Core/Src/main.o
 .text.MX_ADC3_Init
                0x000000000800092c       0xc8 ./Core/Src/main.o
 .text.MX_DCMI_Init
                0x00000000080009f4       0x68 ./Core/Src/main.o
 .text.MX_DFSDM1_Init
                0x0000000008000a5c       0xd8 ./Core/Src/main.o
 .text.MX_I2C1_Init
                0x0000000008000b34       0x80 ./Core/Src/main.o
 .text.MX_I2C2_Init
                0x0000000008000bb4       0x80 ./Core/Src/main.o
 .text.MX_LPUART1_UART_Init
                0x0000000008000c34       0x5c ./Core/Src/main.o
 .text.MX_USART1_UART_Init
                0x0000000008000c90       0x60 ./Core/Src/main.o
 .text.MX_USART2_UART_Init
                0x0000000008000cf0       0x60 ./Core/Src/main.o
 .text.MX_QUADSPI_Init
                0x0000000008000d50       0x58 ./Core/Src/main.o
 .text.MX_SAI1_Init
                0x0000000008000da8      0x150 ./Core/Src/main.o
 .text.MX_SDMMC1_SD_Init
                0x0000000008000ef8       0x60 ./Core/Src/main.o
 .text.MX_SPI1_Init
                0x0000000008000f58       0x7c ./Core/Src/main.o
 .text.MX_SPI2_Init
                0x0000000008000fd4       0x7c ./Core/Src/main.o
 .text.MX_FMC_Init
                0x0000000008001050      0x15c ./Core/Src/main.o
 .text.MX_GPIO_Init
                0x00000000080011ac      0x320 ./Core/Src/main.o
 .text.Error_Handler
                0x00000000080014cc        0xa ./Core/Src/main.o
                0x00000000080014cc                Error_Handler
 *fill*         0x00000000080014d6        0x2 
 .text.HAL_MspInit
                0x00000000080014d8       0x48 ./Core/Src/stm32l4xx_hal_msp.o
                0x00000000080014d8                HAL_MspInit
 .text.HAL_ADC_MspInit
                0x0000000008001520      0x1a0 ./Core/Src/stm32l4xx_hal_msp.o
                0x0000000008001520                HAL_ADC_MspInit
 .text.HAL_DCMI_MspInit
                0x00000000080016c0      0x100 ./Core/Src/stm32l4xx_hal_msp.o
                0x00000000080016c0                HAL_DCMI_MspInit
 .text.HAL_DFSDM_ChannelMspInit
                0x00000000080017c0      0x110 ./Core/Src/stm32l4xx_hal_msp.o
                0x00000000080017c0                HAL_DFSDM_ChannelMspInit
 .text.HAL_I2C_MspInit
                0x00000000080018d0      0x18c ./Core/Src/stm32l4xx_hal_msp.o
                0x00000000080018d0                HAL_I2C_MspInit
 .text.HAL_UART_MspInit
                0x0000000008001a5c      0x260 ./Core/Src/stm32l4xx_hal_msp.o
                0x0000000008001a5c                HAL_UART_MspInit
 .text.HAL_QSPI_MspInit
                0x0000000008001cbc       0xc4 ./Core/Src/stm32l4xx_hal_msp.o
                0x0000000008001cbc                HAL_QSPI_MspInit
 .text.HAL_SD_MspInit
                0x0000000008001d80       0xc4 ./Core/Src/stm32l4xx_hal_msp.o
                0x0000000008001d80                HAL_SD_MspInit
 .text.HAL_SPI_MspInit
                0x0000000008001e44      0x160 ./Core/Src/stm32l4xx_hal_msp.o
                0x0000000008001e44                HAL_SPI_MspInit
 .text.HAL_FMC_MspInit
                0x0000000008001fa4       0xdc ./Core/Src/stm32l4xx_hal_msp.o
 .text.HAL_SRAM_MspInit
                0x0000000008002080       0x14 ./Core/Src/stm32l4xx_hal_msp.o
                0x0000000008002080                HAL_SRAM_MspInit
 .text.HAL_SAI_MspInit
                0x0000000008002094       0xf4 ./Core/Src/stm32l4xx_hal_msp.o
                0x0000000008002094                HAL_SAI_MspInit
 .text.NMI_Handler
                0x0000000008002188        0x6 ./Core/Src/stm32l4xx_it.o
                0x0000000008002188                NMI_Handler
 .text.HardFault_Handler
                0x000000000800218e        0x6 ./Core/Src/stm32l4xx_it.o
                0x000000000800218e                HardFault_Handler
 .text.MemManage_Handler
                0x0000000008002194        0x6 ./Core/Src/stm32l4xx_it.o
                0x0000000008002194                MemManage_Handler
 .text.BusFault_Handler
                0x000000000800219a        0x6 ./Core/Src/stm32l4xx_it.o
                0x000000000800219a                BusFault_Handler
 .text.UsageFault_Handler
                0x00000000080021a0        0x6 ./Core/Src/stm32l4xx_it.o
                0x00000000080021a0                UsageFault_Handler
 .text.SVC_Handler
                0x00000000080021a6        0xe ./Core/Src/stm32l4xx_it.o
                0x00000000080021a6                SVC_Handler
 .text.DebugMon_Handler
                0x00000000080021b4        0xe ./Core/Src/stm32l4xx_it.o
                0x00000000080021b4                DebugMon_Handler
 .text.PendSV_Handler
                0x00000000080021c2        0xe ./Core/Src/stm32l4xx_it.o
                0x00000000080021c2                PendSV_Handler
 .text.SysTick_Handler
                0x00000000080021d0        0xc ./Core/Src/stm32l4xx_it.o
                0x00000000080021d0                SysTick_Handler
 .text.SPI1_IRQHandler
                0x00000000080021dc       0x14 ./Core/Src/stm32l4xx_it.o
                0x00000000080021dc                SPI1_IRQHandler
 .text.SPI2_IRQHandler
                0x00000000080021f0       0x14 ./Core/Src/stm32l4xx_it.o
                0x00000000080021f0                SPI2_IRQHandler
 .text.USART1_IRQHandler
                0x0000000008002204       0x18 ./Core/Src/stm32l4xx_it.o
                0x0000000008002204                USART1_IRQHandler
 .text.OTG_FS_IRQHandler
                0x000000000800221c       0x14 ./Core/Src/stm32l4xx_it.o
                0x000000000800221c                OTG_FS_IRQHandler
 .text.SystemInit
                0x0000000008002230       0x24 ./Core/Src/system_stm32l4xx.o
                0x0000000008002230                SystemInit
 .text.Reset_Handler
                0x0000000008002254       0x50 ./Core/Startup/startup_stm32l496agix.o
                0x0000000008002254                Reset_Handler
 .text.Default_Handler
                0x00000000080022a4        0x2 ./Core/Startup/startup_stm32l496agix.o
                0x00000000080022a4                RTC_Alarm_IRQHandler
                0x00000000080022a4                EXTI2_IRQHandler
                0x00000000080022a4                TIM8_TRG_COM_IRQHandler
                0x00000000080022a4                TIM8_CC_IRQHandler
                0x00000000080022a4                TIM1_CC_IRQHandler
                0x00000000080022a4                TSC_IRQHandler
                0x00000000080022a4                TAMP_STAMP_IRQHandler
                0x00000000080022a4                CAN2_RX1_IRQHandler
                0x00000000080022a4                EXTI3_IRQHandler
                0x00000000080022a4                LPTIM2_IRQHandler
                0x00000000080022a4                DFSDM1_FLT1_IRQHandler
                0x00000000080022a4                I2C3_ER_IRQHandler
                0x00000000080022a4                DFSDM1_FLT2_IRQHandler
                0x00000000080022a4                EXTI0_IRQHandler
                0x00000000080022a4                I2C2_EV_IRQHandler
                0x00000000080022a4                CAN1_RX0_IRQHandler
                0x00000000080022a4                FPU_IRQHandler
                0x00000000080022a4                TIM1_UP_TIM16_IRQHandler
                0x00000000080022a4                CAN2_SCE_IRQHandler
                0x00000000080022a4                ADC1_2_IRQHandler
                0x00000000080022a4                TIM6_DAC_IRQHandler
                0x00000000080022a4                DCMI_IRQHandler
                0x00000000080022a4                CAN2_RX0_IRQHandler
                0x00000000080022a4                TIM8_UP_IRQHandler
                0x00000000080022a4                DMA2_Channel2_IRQHandler
                0x00000000080022a4                DMA1_Channel4_IRQHandler
                0x00000000080022a4                SAI2_IRQHandler
                0x00000000080022a4                DFSDM1_FLT3_IRQHandler
                0x00000000080022a4                USART3_IRQHandler
                0x00000000080022a4                DMA1_Channel7_IRQHandler
                0x00000000080022a4                CAN1_RX1_IRQHandler
                0x00000000080022a4                LCD_IRQHandler
                0x00000000080022a4                UART5_IRQHandler
                0x00000000080022a4                ADC3_IRQHandler
                0x00000000080022a4                TIM4_IRQHandler
                0x00000000080022a4                DMA2_Channel1_IRQHandler
                0x00000000080022a4                QUADSPI_IRQHandler
                0x00000000080022a4                I2C1_EV_IRQHandler
                0x00000000080022a4                DMA1_Channel6_IRQHandler
                0x00000000080022a4                UART4_IRQHandler
                0x00000000080022a4                DMA2_Channel4_IRQHandler
                0x00000000080022a4                TIM3_IRQHandler
                0x00000000080022a4                RCC_IRQHandler
                0x00000000080022a4                DMA1_Channel1_IRQHandler
                0x00000000080022a4                Default_Handler
                0x00000000080022a4                DMA2_Channel7_IRQHandler
                0x00000000080022a4                EXTI15_10_IRQHandler
                0x00000000080022a4                TIM7_IRQHandler
                0x00000000080022a4                SDMMC1_IRQHandler
                0x00000000080022a4                CAN2_TX_IRQHandler
                0x00000000080022a4                TIM5_IRQHandler
                0x00000000080022a4                I2C3_EV_IRQHandler
                0x00000000080022a4                EXTI9_5_IRQHandler
                0x00000000080022a4                RTC_WKUP_IRQHandler
                0x00000000080022a4                PVD_PVM_IRQHandler
                0x00000000080022a4                CAN1_TX_IRQHandler
                0x00000000080022a4                DMA2_Channel5_IRQHandler
                0x00000000080022a4                CRS_IRQHandler
                0x00000000080022a4                DMA1_Channel5_IRQHandler
                0x00000000080022a4                EXTI4_IRQHandler
                0x00000000080022a4                RNG_IRQHandler
                0x00000000080022a4                TIM1_TRG_COM_TIM17_IRQHandler
                0x00000000080022a4                DMA1_Channel3_IRQHandler
                0x00000000080022a4                COMP_IRQHandler
                0x00000000080022a4                WWDG_IRQHandler
                0x00000000080022a4                I2C4_EV_IRQHandler
                0x00000000080022a4                LPUART1_IRQHandler
                0x00000000080022a4                DMA2_Channel6_IRQHandler
                0x00000000080022a4                TIM2_IRQHandler
                0x00000000080022a4                EXTI1_IRQHandler
                0x00000000080022a4                USART2_IRQHandler
                0x00000000080022a4                DFSDM1_FLT0_IRQHandler
                0x00000000080022a4                I2C2_ER_IRQHandler
                0x00000000080022a4                DMA1_Channel2_IRQHandler
                0x00000000080022a4                TIM8_BRK_IRQHandler
                0x00000000080022a4                CAN1_SCE_IRQHandler
                0x00000000080022a4                FLASH_IRQHandler
                0x00000000080022a4                SPI3_IRQHandler
                0x00000000080022a4                I2C1_ER_IRQHandler
                0x00000000080022a4                FMC_IRQHandler
                0x00000000080022a4                SWPMI1_IRQHandler
                0x00000000080022a4                LPTIM1_IRQHandler
                0x00000000080022a4                I2C4_ER_IRQHandler
                0x00000000080022a4                SAI1_IRQHandler
                0x00000000080022a4                DMA2_Channel3_IRQHandler
                0x00000000080022a4                TIM1_BRK_TIM15_IRQHandler
 .text.HAL_Init
                0x00000000080022a6       0x30 ./Drivers/STM32L4xx_HAL_Driver/Src/stm32l4xx_hal.o
                0x00000000080022a6                HAL_Init
 *fill*         0x00000000080022d6        0x2 
 .text.HAL_InitTick
                0x00000000080022d8       0x78 ./Drivers/STM32L4xx_HAL_Driver/Src/stm32l4xx_hal.o
                0x00000000080022d8                HAL_InitTick
 .text.HAL_IncTick
                0x0000000008002350       0x28 ./Drivers/STM32L4xx_HAL_Driver/Src/stm32l4xx_hal.o
                0x0000000008002350                HAL_IncTick
 .text.HAL_GetTick
                0x0000000008002378       0x18 ./Drivers/STM32L4xx_HAL_Driver/Src/stm32l4xx_hal.o
                0x0000000008002378                HAL_GetTick
 .text.HAL_Delay
                0x0000000008002390       0x48 ./Drivers/STM32L4xx_HAL_Driver/Src/stm32l4xx_hal.o
                0x0000000008002390                HAL_Delay
 .text.LL_ADC_SetCommonClock
                0x00000000080023d8       0x26 ./Drivers/STM32L4xx_HAL_Driver/Src/stm32l4xx_hal_adc.o
 .text.LL_ADC_SetCommonPathInternalCh
                0x00000000080023fe       0x26 ./Drivers/STM32L4xx_HAL_Driver/Src/stm32l4xx_hal_adc.o
 .text.LL_ADC_GetCommonPathInternalCh
                0x0000000008002424       0x1c ./Drivers/STM32L4xx_HAL_Driver/Src/stm32l4xx_hal_adc.o
 .text.LL_ADC_SetOffset
                0x0000000008002440       0x48 ./Drivers/STM32L4xx_HAL_Driver/Src/stm32l4xx_hal_adc.o
 .text.LL_ADC_GetOffsetChannel
                0x0000000008002488       0x2c ./Drivers/STM32L4xx_HAL_Driver/Src/stm32l4xx_hal_adc.o
 .text.LL_ADC_SetOffsetState
                0x00000000080024b4       0x36 ./Drivers/STM32L4xx_HAL_Driver/Src/stm32l4xx_hal_adc.o
 .text.LL_ADC_SetSamplingTimeCommonConfig
                0x00000000080024ea       0x26 ./Drivers/STM32L4xx_HAL_Driver/Src/stm32l4xx_hal_adc.o
 .text.LL_ADC_REG_SetSequencerRanks
                0x0000000008002510       0x58 ./Drivers/STM32L4xx_HAL_Driver/Src/stm32l4xx_hal_adc.o
 .text.LL_ADC_SetChannelSamplingTime
                0x0000000008002568       0x56 ./Drivers/STM32L4xx_HAL_Driver/Src/stm32l4xx_hal_adc.o
 *fill*         0x00000000080025be        0x2 
 .text.LL_ADC_SetChannelSingleDiff
                0x00000000080025c0       0x48 ./Drivers/STM32L4xx_HAL_Driver/Src/stm32l4xx_hal_adc.o
 .text.LL_ADC_DisableDeepPowerDown
                0x0000000008002608       0x24 ./Drivers/STM32L4xx_HAL_Driver/Src/stm32l4xx_hal_adc.o
 .text.LL_ADC_IsDeepPowerDownEnabled
                0x000000000800262c       0x28 ./Drivers/STM32L4xx_HAL_Driver/Src/stm32l4xx_hal_adc.o
 .text.LL_ADC_EnableInternalRegulator
                0x0000000008002654       0x28 ./Drivers/STM32L4xx_HAL_Driver/Src/stm32l4xx_hal_adc.o
 .text.LL_ADC_IsInternalRegulatorEnabled
                0x000000000800267c       0x28 ./Drivers/STM32L4xx_HAL_Driver/Src/stm32l4xx_hal_adc.o
 .text.LL_ADC_IsEnabled
                0x00000000080026a4       0x26 ./Drivers/STM32L4xx_HAL_Driver/Src/stm32l4xx_hal_adc.o
 .text.LL_ADC_REG_IsConversionOngoing
                0x00000000080026ca       0x26 ./Drivers/STM32L4xx_HAL_Driver/Src/stm32l4xx_hal_adc.o
 .text.LL_ADC_INJ_IsConversionOngoing
                0x00000000080026f0       0x26 ./Drivers/STM32L4xx_HAL_Driver/Src/stm32l4xx_hal_adc.o
 *fill*         0x0000000008002716        0x2 
 .text.HAL_ADC_Init
                0x0000000008002718      0x2b4 ./Drivers/STM32L4xx_HAL_Driver/Src/stm32l4xx_hal_adc.o
                0x0000000008002718                HAL_ADC_Init
 .text.HAL_ADC_ConfigChannel
                0x00000000080029cc      0x818 ./Drivers/STM32L4xx_HAL_Driver/Src/stm32l4xx_hal_adc.o
                0x00000000080029cc                HAL_ADC_ConfigChannel
 .text.LL_ADC_IsEnabled
                0x00000000080031e4       0x26 ./Drivers/STM32L4xx_HAL_Driver/Src/stm32l4xx_hal_adc_ex.o
 .text.LL_ADC_REG_IsConversionOngoing
                0x000000000800320a       0x26 ./Drivers/STM32L4xx_HAL_Driver/Src/stm32l4xx_hal_adc_ex.o
 .text.HAL_ADCEx_MultiModeConfigChannel
                0x0000000008003230      0x160 ./Drivers/STM32L4xx_HAL_Driver/Src/stm32l4xx_hal_adc_ex.o
                0x0000000008003230                HAL_ADCEx_MultiModeConfigChannel
 .text.__NVIC_SetPriorityGrouping
                0x0000000008003390       0x48 ./Drivers/STM32L4xx_HAL_Driver/Src/stm32l4xx_hal_cortex.o
 .text.__NVIC_GetPriorityGrouping
                0x00000000080033d8       0x1c ./Drivers/STM32L4xx_HAL_Driver/Src/stm32l4xx_hal_cortex.o
 .text.__NVIC_EnableIRQ
                0x00000000080033f4       0x3c ./Drivers/STM32L4xx_HAL_Driver/Src/stm32l4xx_hal_cortex.o
 .text.__NVIC_SetPriority
                0x0000000008003430       0x54 ./Drivers/STM32L4xx_HAL_Driver/Src/stm32l4xx_hal_cortex.o
 .text.NVIC_EncodePriority
                0x0000000008003484       0x66 ./Drivers/STM32L4xx_HAL_Driver/Src/stm32l4xx_hal_cortex.o
 *fill*         0x00000000080034ea        0x2 
 .text.SysTick_Config
                0x00000000080034ec       0x44 ./Drivers/STM32L4xx_HAL_Driver/Src/stm32l4xx_hal_cortex.o
 .text.HAL_NVIC_SetPriorityGrouping
                0x0000000008003530       0x16 ./Drivers/STM32L4xx_HAL_Driver/Src/stm32l4xx_hal_cortex.o
                0x0000000008003530                HAL_NVIC_SetPriorityGrouping
 .text.HAL_NVIC_SetPriority
                0x0000000008003546       0x38 ./Drivers/STM32L4xx_HAL_Driver/Src/stm32l4xx_hal_cortex.o
                0x0000000008003546                HAL_NVIC_SetPriority
 .text.HAL_NVIC_EnableIRQ
                0x000000000800357e       0x1c ./Drivers/STM32L4xx_HAL_Driver/Src/stm32l4xx_hal_cortex.o
                0x000000000800357e                HAL_NVIC_EnableIRQ
 .text.HAL_SYSTICK_Config
                0x000000000800359a       0x18 ./Drivers/STM32L4xx_HAL_Driver/Src/stm32l4xx_hal_cortex.o
                0x000000000800359a                HAL_SYSTICK_Config
 *fill*         0x00000000080035b2        0x2 
 .text.HAL_DCMI_Init
                0x00000000080035b4      0x10c ./Drivers/STM32L4xx_HAL_Driver/Src/stm32l4xx_hal_dcmi.o
                0x00000000080035b4                HAL_DCMI_Init
 .text.HAL_DFSDM_ChannelInit
                0x00000000080036c0      0x180 ./Drivers/STM32L4xx_HAL_Driver/Src/stm32l4xx_hal_dfsdm.o
                0x00000000080036c0                HAL_DFSDM_ChannelInit
 .text.DFSDM_GetChannelFromInstance
                0x0000000008003840       0x98 ./Drivers/STM32L4xx_HAL_Driver/Src/stm32l4xx_hal_dfsdm.o
 .text.HAL_DMA_Abort
                0x00000000080038d8       0x7c ./Drivers/STM32L4xx_HAL_Driver/Src/stm32l4xx_hal_dma.o
                0x00000000080038d8                HAL_DMA_Abort
 .text.HAL_DMA_Abort_IT
                0x0000000008003954       0x82 ./Drivers/STM32L4xx_HAL_Driver/Src/stm32l4xx_hal_dma.o
                0x0000000008003954                HAL_DMA_Abort_IT
 *fill*         0x00000000080039d6        0x2 
 .text.HAL_GPIO_Init
                0x00000000080039d8      0x324 ./Drivers/STM32L4xx_HAL_Driver/Src/stm32l4xx_hal_gpio.o
                0x00000000080039d8                HAL_GPIO_Init
 .text.HAL_GPIO_WritePin
                0x0000000008003cfc       0x30 ./Drivers/STM32L4xx_HAL_Driver/Src/stm32l4xx_hal_gpio.o
                0x0000000008003cfc                HAL_GPIO_WritePin
 .text.HAL_GPIO_TogglePin
                0x0000000008003d2c       0x34 ./Drivers/STM32L4xx_HAL_Driver/Src/stm32l4xx_hal_gpio.o
                0x0000000008003d2c                HAL_GPIO_TogglePin
 .text.HAL_I2C_Init
                0x0000000008003d60      0x11e ./Drivers/STM32L4xx_HAL_Driver/Src/stm32l4xx_hal_i2c.o
                0x0000000008003d60                HAL_I2C_Init
 .text.HAL_I2CEx_ConfigAnalogFilter
                0x0000000008003e7e       0x96 ./Drivers/STM32L4xx_HAL_Driver/Src/stm32l4xx_hal_i2c_ex.o
                0x0000000008003e7e                HAL_I2CEx_ConfigAnalogFilter
 .text.HAL_I2CEx_ConfigDigitalFilter
                0x0000000008003f14       0x98 ./Drivers/STM32L4xx_HAL_Driver/Src/stm32l4xx_hal_i2c_ex.o
                0x0000000008003f14                HAL_I2CEx_ConfigDigitalFilter
 .text.HAL_PCD_Init
                0x0000000008003fac      0x248 ./Drivers/STM32L4xx_HAL_Driver/Src/stm32l4xx_hal_pcd.o
                0x0000000008003fac                HAL_PCD_Init
 .text.HAL_PCD_Start
                0x00000000080041f4       0x5e ./Drivers/STM32L4xx_HAL_Driver/Src/stm32l4xx_hal_pcd.o
                0x00000000080041f4                HAL_PCD_Start
 .text.HAL_PCD_IRQHandler
                0x0000000008004252      0x926 ./Drivers/STM32L4xx_HAL_Driver/Src/stm32l4xx_hal_pcd.o
                0x0000000008004252                HAL_PCD_IRQHandler
 .text.HAL_PCD_SetAddress
                0x0000000008004b78       0x4a ./Drivers/STM32L4xx_HAL_Driver/Src/stm32l4xx_hal_pcd.o
                0x0000000008004b78                HAL_PCD_SetAddress
 .text.HAL_PCD_EP_Open
                0x0000000008004bc2       0xd0 ./Drivers/STM32L4xx_HAL_Driver/Src/stm32l4xx_hal_pcd.o
                0x0000000008004bc2                HAL_PCD_EP_Open
 .text.HAL_PCD_EP_Close
                0x0000000008004c92       0x94 ./Drivers/STM32L4xx_HAL_Driver/Src/stm32l4xx_hal_pcd.o
                0x0000000008004c92                HAL_PCD_EP_Close
 .text.HAL_PCD_EP_Receive
                0x0000000008004d26       0x7c ./Drivers/STM32L4xx_HAL_Driver/Src/stm32l4xx_hal_pcd.o
                0x0000000008004d26                HAL_PCD_EP_Receive
 .text.HAL_PCD_EP_GetRxCount
                0x0000000008004da2       0x30 ./Drivers/STM32L4xx_HAL_Driver/Src/stm32l4xx_hal_pcd.o
                0x0000000008004da2                HAL_PCD_EP_GetRxCount
 .text.HAL_PCD_EP_Transmit
                0x0000000008004dd2       0x7a ./Drivers/STM32L4xx_HAL_Driver/Src/stm32l4xx_hal_pcd.o
                0x0000000008004dd2                HAL_PCD_EP_Transmit
 .text.HAL_PCD_EP_SetStall
                0x0000000008004e4c       0xc4 ./Drivers/STM32L4xx_HAL_Driver/Src/stm32l4xx_hal_pcd.o
                0x0000000008004e4c                HAL_PCD_EP_SetStall
 .text.HAL_PCD_EP_ClrStall
                0x0000000008004f10       0xac ./Drivers/STM32L4xx_HAL_Driver/Src/stm32l4xx_hal_pcd.o
                0x0000000008004f10                HAL_PCD_EP_ClrStall
 .text.HAL_PCD_EP_Abort
                0x0000000008004fbc       0x62 ./Drivers/STM32L4xx_HAL_Driver/Src/stm32l4xx_hal_pcd.o
                0x0000000008004fbc                HAL_PCD_EP_Abort
 .text.PCD_WriteEmptyTxFifo
                0x000000000800501e      0x110 ./Drivers/STM32L4xx_HAL_Driver/Src/stm32l4xx_hal_pcd.o
 *fill*         0x000000000800512e        0x2 
 .text.PCD_EP_OutXfrComplete_int
                0x0000000008005130       0x9c ./Drivers/STM32L4xx_HAL_Driver/Src/stm32l4xx_hal_pcd.o
 .text.PCD_EP_OutSetupPacket_int
                0x00000000080051cc       0x68 ./Drivers/STM32L4xx_HAL_Driver/Src/stm32l4xx_hal_pcd.o
 .text.HAL_PCDEx_SetTxFiFo
                0x0000000008005234       0x8e ./Drivers/STM32L4xx_HAL_Driver/Src/stm32l4xx_hal_pcd_ex.o
                0x0000000008005234                HAL_PCDEx_SetTxFiFo
 .text.HAL_PCDEx_SetRxFiFo
                0x00000000080052c2       0x22 ./Drivers/STM32L4xx_HAL_Driver/Src/stm32l4xx_hal_pcd_ex.o
                0x00000000080052c2                HAL_PCDEx_SetRxFiFo
 .text.HAL_PCDEx_ActivateLPM
                0x00000000080052e4       0x48 ./Drivers/STM32L4xx_HAL_Driver/Src/stm32l4xx_hal_pcd_ex.o
                0x00000000080052e4                HAL_PCDEx_ActivateLPM
 .text.HAL_PWR_EnableBkUpAccess
                0x000000000800532c       0x20 ./Drivers/STM32L4xx_HAL_Driver/Src/stm32l4xx_hal_pwr.o
                0x000000000800532c                HAL_PWR_EnableBkUpAccess
 .text.HAL_PWREx_GetVoltageRange
                0x000000000800534c       0x1c ./Drivers/STM32L4xx_HAL_Driver/Src/stm32l4xx_hal_pwr_ex.o
                0x000000000800534c                HAL_PWREx_GetVoltageRange
 .text.HAL_PWREx_ControlVoltageScaling
                0x0000000008005368       0xac ./Drivers/STM32L4xx_HAL_Driver/Src/stm32l4xx_hal_pwr_ex.o
                0x0000000008005368                HAL_PWREx_ControlVoltageScaling
 .text.HAL_PWREx_EnableVddUSB
                0x0000000008005414       0x20 ./Drivers/STM32L4xx_HAL_Driver/Src/stm32l4xx_hal_pwr_ex.o
                0x0000000008005414                HAL_PWREx_EnableVddUSB
 .text.HAL_PWREx_EnableVddIO2
                0x0000000008005434       0x20 ./Drivers/STM32L4xx_HAL_Driver/Src/stm32l4xx_hal_pwr_ex.o
                0x0000000008005434                HAL_PWREx_EnableVddIO2
 .text.HAL_QSPI_Init
                0x0000000008005454       0xf8 ./Drivers/STM32L4xx_HAL_Driver/Src/stm32l4xx_hal_qspi.o
                0x0000000008005454                HAL_QSPI_Init
 .text.HAL_QSPI_SetTimeout
                0x000000000800554c       0x1c ./Drivers/STM32L4xx_HAL_Driver/Src/stm32l4xx_hal_qspi.o
                0x000000000800554c                HAL_QSPI_SetTimeout
 .text.QSPI_WaitFlagStateUntilTimeout
                0x0000000008005568       0x6e ./Drivers/STM32L4xx_HAL_Driver/Src/stm32l4xx_hal_qspi.o
 *fill*         0x00000000080055d6        0x2 
 .text.HAL_RCC_OscConfig
                0x00000000080055d8      0x834 ./Drivers/STM32L4xx_HAL_Driver/Src/stm32l4xx_hal_rcc.o
                0x00000000080055d8                HAL_RCC_OscConfig
 .text.HAL_RCC_ClockConfig
                0x0000000008005e0c      0x200 ./Drivers/STM32L4xx_HAL_Driver/Src/stm32l4xx_hal_rcc.o
                0x0000000008005e0c                HAL_RCC_ClockConfig
 .text.HAL_RCC_GetSysClockFreq
                0x000000000800600c      0x118 ./Drivers/STM32L4xx_HAL_Driver/Src/stm32l4xx_hal_rcc.o
                0x000000000800600c                HAL_RCC_GetSysClockFreq
 .text.HAL_RCC_GetHCLKFreq
                0x0000000008006124       0x18 ./Drivers/STM32L4xx_HAL_Driver/Src/stm32l4xx_hal_rcc.o
                0x0000000008006124                HAL_RCC_GetHCLKFreq
 .text.HAL_RCC_GetPCLK1Freq
                0x000000000800613c       0x2c ./Drivers/STM32L4xx_HAL_Driver/Src/stm32l4xx_hal_rcc.o
                0x000000000800613c                HAL_RCC_GetPCLK1Freq
 .text.HAL_RCC_GetPCLK2Freq
                0x0000000008006168       0x2c ./Drivers/STM32L4xx_HAL_Driver/Src/stm32l4xx_hal_rcc.o
                0x0000000008006168                HAL_RCC_GetPCLK2Freq
 .text.RCC_SetFlashLatencyFromMSIRange
                0x0000000008006194       0xc0 ./Drivers/STM32L4xx_HAL_Driver/Src/stm32l4xx_hal_rcc.o
 .text.HAL_RCCEx_PeriphCLKConfig
                0x0000000008006254      0x5f8 ./Drivers/STM32L4xx_HAL_Driver/Src/stm32l4xx_hal_rcc_ex.o
                0x0000000008006254                HAL_RCCEx_PeriphCLKConfig
 .text.HAL_RCCEx_GetPeriphCLKFreq
                0x000000000800684c      0xb70 ./Drivers/STM32L4xx_HAL_Driver/Src/stm32l4xx_hal_rcc_ex.o
                0x000000000800684c                HAL_RCCEx_GetPeriphCLKFreq
 .text.HAL_RCCEx_EnableMSIPLLMode
                0x00000000080073bc       0x20 ./Drivers/STM32L4xx_HAL_Driver/Src/stm32l4xx_hal_rcc_ex.o
                0x00000000080073bc                HAL_RCCEx_EnableMSIPLLMode
 .text.RCCEx_PLLSAI1_Config
                0x00000000080073dc      0x1e4 ./Drivers/STM32L4xx_HAL_Driver/Src/stm32l4xx_hal_rcc_ex.o
 .text.RCCEx_PLLSAI2_Config
                0x00000000080075c0      0x1b8 ./Drivers/STM32L4xx_HAL_Driver/Src/stm32l4xx_hal_rcc_ex.o
 .text.RCCEx_GetSAIxPeriphCLKFreq
                0x0000000008007778      0x204 ./Drivers/STM32L4xx_HAL_Driver/Src/stm32l4xx_hal_rcc_ex.o
 .text.HAL_SAI_Init
                0x000000000800797c      0x2e4 ./Drivers/STM32L4xx_HAL_Driver/Src/stm32l4xx_hal_sai.o
                0x000000000800797c                HAL_SAI_Init
 .text.SAI_Disable
                0x0000000008007c60       0x74 ./Drivers/STM32L4xx_HAL_Driver/Src/stm32l4xx_hal_sai.o
 .text.HAL_SD_Init
                0x0000000008007cd4       0x60 ./Drivers/STM32L4xx_HAL_Driver/Src/stm32l4xx_hal_sd.o
                0x0000000008007cd4                HAL_SD_Init
 .text.HAL_SD_InitCard
                0x0000000008007d34      0x14c ./Drivers/STM32L4xx_HAL_Driver/Src/stm32l4xx_hal_sd.o
                0x0000000008007d34                HAL_SD_InitCard
 .text.HAL_SD_GetCardCSD
                0x0000000008007e80      0x348 ./Drivers/STM32L4xx_HAL_Driver/Src/stm32l4xx_hal_sd.o
                0x0000000008007e80                HAL_SD_GetCardCSD
 .text.HAL_SD_ConfigWideBusOperation
                0x00000000080081c8      0x178 ./Drivers/STM32L4xx_HAL_Driver/Src/stm32l4xx_hal_sd.o
                0x00000000080081c8                HAL_SD_ConfigWideBusOperation
 .text.SD_InitCard
                0x0000000008008340      0x19c ./Drivers/STM32L4xx_HAL_Driver/Src/stm32l4xx_hal_sd.o
 .text.SD_PowerON
                0x00000000080084dc      0x11c ./Drivers/STM32L4xx_HAL_Driver/Src/stm32l4xx_hal_sd.o
 .text.SD_WideBus_Enable
                0x00000000080085f8       0x96 ./Drivers/STM32L4xx_HAL_Driver/Src/stm32l4xx_hal_sd.o
 .text.SD_WideBus_Disable
                0x000000000800868e       0x96 ./Drivers/STM32L4xx_HAL_Driver/Src/stm32l4xx_hal_sd.o
 .text.SD_FindSCR
                0x0000000008008724      0x194 ./Drivers/STM32L4xx_HAL_Driver/Src/stm32l4xx_hal_sd.o
 .text.HAL_SPI_Init
                0x00000000080088b8      0x146 ./Drivers/STM32L4xx_HAL_Driver/Src/stm32l4xx_hal_spi.o
                0x00000000080088b8                HAL_SPI_Init
 *fill*         0x00000000080089fe        0x2 
 .text.HAL_SPI_IRQHandler
                0x0000000008008a00      0x200 ./Drivers/STM32L4xx_HAL_Driver/Src/stm32l4xx_hal_spi.o
                0x0000000008008a00                HAL_SPI_IRQHandler
 .text.HAL_SPI_ErrorCallback
                0x0000000008008c00       0x14 ./Drivers/STM32L4xx_HAL_Driver/Src/stm32l4xx_hal_spi.o
                0x0000000008008c00                HAL_SPI_ErrorCallback
 .text.SPI_DMAAbortOnError
                0x0000000008008c14       0x2a ./Drivers/STM32L4xx_HAL_Driver/Src/stm32l4xx_hal_spi.o
 .text.HAL_SRAM_Init
                0x0000000008008c3e       0x90 ./Drivers/STM32L4xx_HAL_Driver/Src/stm32l4xx_hal_sram.o
                0x0000000008008c3e                HAL_SRAM_Init
 .text.HAL_UART_Init
                0x0000000008008cce       0x9c ./Drivers/STM32L4xx_HAL_Driver/Src/stm32l4xx_hal_uart.o
                0x0000000008008cce                HAL_UART_Init
 .text.HAL_UART_Transmit
                0x0000000008008d6a      0x128 ./Drivers/STM32L4xx_HAL_Driver/Src/stm32l4xx_hal_uart.o
                0x0000000008008d6a                HAL_UART_Transmit
 .text.HAL_UART_Receive
                0x0000000008008e92      0x1a2 ./Drivers/STM32L4xx_HAL_Driver/Src/stm32l4xx_hal_uart.o
                0x0000000008008e92                HAL_UART_Receive
 .text.HAL_UART_IRQHandler
                0x0000000008009034      0x5c4 ./Drivers/STM32L4xx_HAL_Driver/Src/stm32l4xx_hal_uart.o
                0x0000000008009034                HAL_UART_IRQHandler
 .text.HAL_UART_TxCpltCallback
                0x00000000080095f8       0x14 ./Drivers/STM32L4xx_HAL_Driver/Src/stm32l4xx_hal_uart.o
                0x00000000080095f8                HAL_UART_TxCpltCallback
 .text.HAL_UART_RxCpltCallback
                0x000000000800960c       0x14 ./Drivers/STM32L4xx_HAL_Driver/Src/stm32l4xx_hal_uart.o
                0x000000000800960c                HAL_UART_RxCpltCallback
 .text.HAL_UART_ErrorCallback
                0x0000000008009620       0x14 ./Drivers/STM32L4xx_HAL_Driver/Src/stm32l4xx_hal_uart.o
                0x0000000008009620                HAL_UART_ErrorCallback
 .text.HAL_UARTEx_RxEventCallback
                0x0000000008009634       0x18 ./Drivers/STM32L4xx_HAL_Driver/Src/stm32l4xx_hal_uart.o
                0x0000000008009634                HAL_UARTEx_RxEventCallback
 .text.UART_SetConfig
                0x000000000800964c      0x570 ./Drivers/STM32L4xx_HAL_Driver/Src/stm32l4xx_hal_uart.o
                0x000000000800964c                UART_SetConfig
 .text.UART_AdvFeatureConfig
                0x0000000008009bbc      0x144 ./Drivers/STM32L4xx_HAL_Driver/Src/stm32l4xx_hal_uart.o
                0x0000000008009bbc                UART_AdvFeatureConfig
 .text.UART_CheckIdleState
                0x0000000008009d00       0x92 ./Drivers/STM32L4xx_HAL_Driver/Src/stm32l4xx_hal_uart.o
                0x0000000008009d00                UART_CheckIdleState
 .text.UART_WaitOnFlagUntilTimeout
                0x0000000008009d92      0x188 ./Drivers/STM32L4xx_HAL_Driver/Src/stm32l4xx_hal_uart.o
                0x0000000008009d92                UART_WaitOnFlagUntilTimeout
 .text.UART_EndRxTransfer
                0x0000000008009f1a       0xc6 ./Drivers/STM32L4xx_HAL_Driver/Src/stm32l4xx_hal_uart.o
 .text.UART_DMAAbortOnError
                0x0000000008009fe0       0x2c ./Drivers/STM32L4xx_HAL_Driver/Src/stm32l4xx_hal_uart.o
 .text.UART_EndTransmit_IT
                0x000000000800a00c       0x54 ./Drivers/STM32L4xx_HAL_Driver/Src/stm32l4xx_hal_uart.o
 .text.HAL_UARTEx_WakeupCallback
                0x000000000800a060       0x14 ./Drivers/STM32L4xx_HAL_Driver/Src/stm32l4xx_hal_uart_ex.o
                0x000000000800a060                HAL_UARTEx_WakeupCallback
 .text.FMC_NORSRAM_Init
                0x000000000800a074      0x120 ./Drivers/STM32L4xx_HAL_Driver/Src/stm32l4xx_ll_fmc.o
                0x000000000800a074                FMC_NORSRAM_Init
 .text.FMC_NORSRAM_Timing_Init
                0x000000000800a194       0xa0 ./Drivers/STM32L4xx_HAL_Driver/Src/stm32l4xx_ll_fmc.o
                0x000000000800a194                FMC_NORSRAM_Timing_Init
 .text.FMC_NORSRAM_Extended_Timing_Init
                0x000000000800a234       0x70 ./Drivers/STM32L4xx_HAL_Driver/Src/stm32l4xx_ll_fmc.o
                0x000000000800a234                FMC_NORSRAM_Extended_Timing_Init
 .text.SDMMC_Init
                0x000000000800a2a4       0x5a ./Drivers/STM32L4xx_HAL_Driver/Src/stm32l4xx_ll_sdmmc.o
                0x000000000800a2a4                SDMMC_Init
 .text.SDMMC_ReadFIFO
                0x000000000800a2fe       0x1a ./Drivers/STM32L4xx_HAL_Driver/Src/stm32l4xx_ll_sdmmc.o
                0x000000000800a2fe                SDMMC_ReadFIFO
 .text.SDMMC_PowerState_ON
                0x000000000800a318       0x1e ./Drivers/STM32L4xx_HAL_Driver/Src/stm32l4xx_ll_sdmmc.o
                0x000000000800a318                SDMMC_PowerState_ON
 .text.SDMMC_GetPowerState
                0x000000000800a336       0x1c ./Drivers/STM32L4xx_HAL_Driver/Src/stm32l4xx_ll_sdmmc.o
                0x000000000800a336                SDMMC_GetPowerState
 .text.SDMMC_SendCommand
                0x000000000800a352       0x54 ./Drivers/STM32L4xx_HAL_Driver/Src/stm32l4xx_ll_sdmmc.o
                0x000000000800a352                SDMMC_SendCommand
 .text.SDMMC_GetCommandResponse
                0x000000000800a3a6       0x1a ./Drivers/STM32L4xx_HAL_Driver/Src/stm32l4xx_ll_sdmmc.o
                0x000000000800a3a6                SDMMC_GetCommandResponse
 .text.SDMMC_GetResponse
                0x000000000800a3c0       0x26 ./Drivers/STM32L4xx_HAL_Driver/Src/stm32l4xx_ll_sdmmc.o
                0x000000000800a3c0                SDMMC_GetResponse
 .text.SDMMC_ConfigData
                0x000000000800a3e6       0x58 ./Drivers/STM32L4xx_HAL_Driver/Src/stm32l4xx_ll_sdmmc.o
                0x000000000800a3e6                SDMMC_ConfigData
 .text.SDMMC_CmdBlockLength
                0x000000000800a43e       0x44 ./Drivers/STM32L4xx_HAL_Driver/Src/stm32l4xx_ll_sdmmc.o
                0x000000000800a43e                SDMMC_CmdBlockLength
 .text.SDMMC_CmdSelDesel
                0x000000000800a482       0x46 ./Drivers/STM32L4xx_HAL_Driver/Src/stm32l4xx_ll_sdmmc.o
                0x000000000800a482                SDMMC_CmdSelDesel
 .text.SDMMC_CmdGoIdleState
                0x000000000800a4c8       0x3c ./Drivers/STM32L4xx_HAL_Driver/Src/stm32l4xx_ll_sdmmc.o
                0x000000000800a4c8                SDMMC_CmdGoIdleState
 .text.SDMMC_CmdOperCond
                0x000000000800a504       0x3e ./Drivers/STM32L4xx_HAL_Driver/Src/stm32l4xx_ll_sdmmc.o
                0x000000000800a504                SDMMC_CmdOperCond
 .text.SDMMC_CmdAppCommand
                0x000000000800a542       0x44 ./Drivers/STM32L4xx_HAL_Driver/Src/stm32l4xx_ll_sdmmc.o
                0x000000000800a542                SDMMC_CmdAppCommand
 .text.SDMMC_CmdAppOperCommand
                0x000000000800a586       0x46 ./Drivers/STM32L4xx_HAL_Driver/Src/stm32l4xx_ll_sdmmc.o
                0x000000000800a586                SDMMC_CmdAppOperCommand
 .text.SDMMC_CmdBusWidth
                0x000000000800a5cc       0x44 ./Drivers/STM32L4xx_HAL_Driver/Src/stm32l4xx_ll_sdmmc.o
                0x000000000800a5cc                SDMMC_CmdBusWidth
 .text.SDMMC_CmdSendSCR
                0x000000000800a610       0x42 ./Drivers/STM32L4xx_HAL_Driver/Src/stm32l4xx_ll_sdmmc.o
                0x000000000800a610                SDMMC_CmdSendSCR
 .text.SDMMC_CmdSendCID
                0x000000000800a652       0x3c ./Drivers/STM32L4xx_HAL_Driver/Src/stm32l4xx_ll_sdmmc.o
                0x000000000800a652                SDMMC_CmdSendCID
 .text.SDMMC_CmdSendCSD
                0x000000000800a68e       0x3e ./Drivers/STM32L4xx_HAL_Driver/Src/stm32l4xx_ll_sdmmc.o
                0x000000000800a68e                SDMMC_CmdSendCSD
 .text.SDMMC_CmdSetRelAdd
                0x000000000800a6cc       0x42 ./Drivers/STM32L4xx_HAL_Driver/Src/stm32l4xx_ll_sdmmc.o
                0x000000000800a6cc                SDMMC_CmdSetRelAdd
 *fill*         0x000000000800a70e        0x2 
 .text.SDMMC_GetCmdResp1
                0x000000000800a710      0x1dc ./Drivers/STM32L4xx_HAL_Driver/Src/stm32l4xx_ll_sdmmc.o
                0x000000000800a710                SDMMC_GetCmdResp1
 .text.SDMMC_GetCmdResp2
                0x000000000800a8ec       0x90 ./Drivers/STM32L4xx_HAL_Driver/Src/stm32l4xx_ll_sdmmc.o
                0x000000000800a8ec                SDMMC_GetCmdResp2
 .text.SDMMC_GetCmdResp3
                0x000000000800a97c       0x7c ./Drivers/STM32L4xx_HAL_Driver/Src/stm32l4xx_ll_sdmmc.o
                0x000000000800a97c                SDMMC_GetCmdResp3
 .text.SDMMC_GetCmdResp6
                0x000000000800a9f8       0xec ./Drivers/STM32L4xx_HAL_Driver/Src/stm32l4xx_ll_sdmmc.o
                0x000000000800a9f8                SDMMC_GetCmdResp6
 .text.SDMMC_GetCmdResp7
                0x000000000800aae4       0x9c ./Drivers/STM32L4xx_HAL_Driver/Src/stm32l4xx_ll_sdmmc.o
                0x000000000800aae4                SDMMC_GetCmdResp7
 .text.SDMMC_GetCmdError
                0x000000000800ab80       0x58 ./Drivers/STM32L4xx_HAL_Driver/Src/stm32l4xx_ll_sdmmc.o
 .text.USB_CoreInit
                0x000000000800abd8       0x58 ./Drivers/STM32L4xx_HAL_Driver/Src/stm32l4xx_ll_usb.o
                0x000000000800abd8                USB_CoreInit
 .text.USB_SetTurnaroundTime
                0x000000000800ac30      0x138 ./Drivers/STM32L4xx_HAL_Driver/Src/stm32l4xx_ll_usb.o
                0x000000000800ac30                USB_SetTurnaroundTime
 .text.USB_EnableGlobalInt
                0x000000000800ad68       0x22 ./Drivers/STM32L4xx_HAL_Driver/Src/stm32l4xx_ll_usb.o
                0x000000000800ad68                USB_EnableGlobalInt
 .text.USB_DisableGlobalInt
                0x000000000800ad8a       0x22 ./Drivers/STM32L4xx_HAL_Driver/Src/stm32l4xx_ll_usb.o
                0x000000000800ad8a                USB_DisableGlobalInt
 .text.USB_SetCurrentMode
                0x000000000800adac       0x98 ./Drivers/STM32L4xx_HAL_Driver/Src/stm32l4xx_ll_usb.o
                0x000000000800adac                USB_SetCurrentMode
 .text.USB_DevInit
                0x000000000800ae44      0x298 ./Drivers/STM32L4xx_HAL_Driver/Src/stm32l4xx_ll_usb.o
                0x000000000800ae44                USB_DevInit
 .text.USB_FlushTxFifo
                0x000000000800b0dc       0x68 ./Drivers/STM32L4xx_HAL_Driver/Src/stm32l4xx_ll_usb.o
                0x000000000800b0dc                USB_FlushTxFifo
 .text.USB_FlushRxFifo
                0x000000000800b144       0x60 ./Drivers/STM32L4xx_HAL_Driver/Src/stm32l4xx_ll_usb.o
                0x000000000800b144                USB_FlushRxFifo
 .text.USB_SetDevSpeed
                0x000000000800b1a4       0x32 ./Drivers/STM32L4xx_HAL_Driver/Src/stm32l4xx_ll_usb.o
                0x000000000800b1a4                USB_SetDevSpeed
 .text.USB_GetDevSpeed
                0x000000000800b1d6       0x3e ./Drivers/STM32L4xx_HAL_Driver/Src/stm32l4xx_ll_usb.o
                0x000000000800b1d6                USB_GetDevSpeed
 .text.USB_ActivateEndpoint
                0x000000000800b214      0x10e ./Drivers/STM32L4xx_HAL_Driver/Src/stm32l4xx_ll_usb.o
                0x000000000800b214                USB_ActivateEndpoint
 *fill*         0x000000000800b322        0x2 
 .text.USB_DeactivateEndpoint
                0x000000000800b324      0x1b8 ./Drivers/STM32L4xx_HAL_Driver/Src/stm32l4xx_ll_usb.o
                0x000000000800b324                USB_DeactivateEndpoint
 .text.USB_EPStartXfer
                0x000000000800b4dc      0x3c0 ./Drivers/STM32L4xx_HAL_Driver/Src/stm32l4xx_ll_usb.o
                0x000000000800b4dc                USB_EPStartXfer
 .text.USB_EP0StartXfer
                0x000000000800b89c      0x244 ./Drivers/STM32L4xx_HAL_Driver/Src/stm32l4xx_ll_usb.o
                0x000000000800b89c                USB_EP0StartXfer
 .text.USB_EPStopXfer
                0x000000000800bae0      0x154 ./Drivers/STM32L4xx_HAL_Driver/Src/stm32l4xx_ll_usb.o
                0x000000000800bae0                USB_EPStopXfer
 .text.USB_WritePacket
                0x000000000800bc34       0x74 ./Drivers/STM32L4xx_HAL_Driver/Src/stm32l4xx_ll_usb.o
                0x000000000800bc34                USB_WritePacket
 .text.USB_ReadPacket
                0x000000000800bca8       0xb0 ./Drivers/STM32L4xx_HAL_Driver/Src/stm32l4xx_ll_usb.o
                0x000000000800bca8                USB_ReadPacket
 .text.USB_EPSetStall
                0x000000000800bd58       0xdc ./Drivers/STM32L4xx_HAL_Driver/Src/stm32l4xx_ll_usb.o
                0x000000000800bd58                USB_EPSetStall
 .text.USB_EPClearStall
                0x000000000800be34       0xcc ./Drivers/STM32L4xx_HAL_Driver/Src/stm32l4xx_ll_usb.o
                0x000000000800be34                USB_EPClearStall
 .text.USB_SetDevAddress
                0x000000000800bf00       0x4c ./Drivers/STM32L4xx_HAL_Driver/Src/stm32l4xx_ll_usb.o
                0x000000000800bf00                USB_SetDevAddress
 .text.USB_DevConnect
                0x000000000800bf4c       0x42 ./Drivers/STM32L4xx_HAL_Driver/Src/stm32l4xx_ll_usb.o
                0x000000000800bf4c                USB_DevConnect
 .text.USB_DevDisconnect
                0x000000000800bf8e       0x42 ./Drivers/STM32L4xx_HAL_Driver/Src/stm32l4xx_ll_usb.o
                0x000000000800bf8e                USB_DevDisconnect
 .text.USB_ReadInterrupts
                0x000000000800bfd0       0x26 ./Drivers/STM32L4xx_HAL_Driver/Src/stm32l4xx_ll_usb.o
                0x000000000800bfd0                USB_ReadInterrupts
 .text.USB_ReadDevAllOutEpInterrupt
                0x000000000800bff6       0x34 ./Drivers/STM32L4xx_HAL_Driver/Src/stm32l4xx_ll_usb.o
                0x000000000800bff6                USB_ReadDevAllOutEpInterrupt
 .text.USB_ReadDevAllInEpInterrupt
                0x000000000800c02a       0x34 ./Drivers/STM32L4xx_HAL_Driver/Src/stm32l4xx_ll_usb.o
                0x000000000800c02a                USB_ReadDevAllInEpInterrupt
 .text.USB_ReadDevOutEPInterrupt
                0x000000000800c05e       0x3c ./Drivers/STM32L4xx_HAL_Driver/Src/stm32l4xx_ll_usb.o
                0x000000000800c05e                USB_ReadDevOutEPInterrupt
 .text.USB_ReadDevInEPInterrupt
                0x000000000800c09a       0x5c ./Drivers/STM32L4xx_HAL_Driver/Src/stm32l4xx_ll_usb.o
                0x000000000800c09a                USB_ReadDevInEPInterrupt
 .text.USB_GetMode
                0x000000000800c0f6       0x1c ./Drivers/STM32L4xx_HAL_Driver/Src/stm32l4xx_ll_usb.o
                0x000000000800c0f6                USB_GetMode
 .text.USB_ActivateSetup
                0x000000000800c112       0x46 ./Drivers/STM32L4xx_HAL_Driver/Src/stm32l4xx_ll_usb.o
                0x000000000800c112                USB_ActivateSetup
 .text.USB_EP0_OutStart
                0x000000000800c158       0x90 ./Drivers/STM32L4xx_HAL_Driver/Src/stm32l4xx_ll_usb.o
                0x000000000800c158                USB_EP0_OutStart
 .text.USB_CoreReset
                0x000000000800c1e8       0x68 ./Drivers/STM32L4xx_HAL_Driver/Src/stm32l4xx_ll_usb.o
 .text.USBD_CDC_Init
                0x000000000800c250       0xfe ./Middlewares/ST/STM32_USB_Device_Library/Class/CDC/Src/usbd_cdc.o
 .text.USBD_CDC_DeInit
                0x000000000800c34e       0x74 ./Middlewares/ST/STM32_USB_Device_Library/Class/CDC/Src/usbd_cdc.o
 *fill*         0x000000000800c3c2        0x2 
 .text.USBD_CDC_Setup
                0x000000000800c3c4      0x190 ./Middlewares/ST/STM32_USB_Device_Library/Class/CDC/Src/usbd_cdc.o
 .text.USBD_CDC_DataIn
                0x000000000800c554       0xca ./Middlewares/ST/STM32_USB_Device_Library/Class/CDC/Src/usbd_cdc.o
 .text.USBD_CDC_DataOut
                0x000000000800c61e       0x56 ./Middlewares/ST/STM32_USB_Device_Library/Class/CDC/Src/usbd_cdc.o
 .text.USBD_CDC_EP0_RxReady
                0x000000000800c674       0x5a ./Middlewares/ST/STM32_USB_Device_Library/Class/CDC/Src/usbd_cdc.o
 *fill*         0x000000000800c6ce        0x2 
 .text.USBD_CDC_GetFSCfgDesc
                0x000000000800c6d0       0x20 ./Middlewares/ST/STM32_USB_Device_Library/Class/CDC/Src/usbd_cdc.o
 .text.USBD_CDC_GetHSCfgDesc
                0x000000000800c6f0       0x20 ./Middlewares/ST/STM32_USB_Device_Library/Class/CDC/Src/usbd_cdc.o
 .text.USBD_CDC_GetOtherSpeedCfgDesc
                0x000000000800c710       0x20 ./Middlewares/ST/STM32_USB_Device_Library/Class/CDC/Src/usbd_cdc.o
 .text.USBD_CDC_GetDeviceQualifierDescriptor
                0x000000000800c730       0x20 ./Middlewares/ST/STM32_USB_Device_Library/Class/CDC/Src/usbd_cdc.o
                0x000000000800c730                USBD_CDC_GetDeviceQualifierDescriptor
 .text.USBD_CDC_RegisterInterface
                0x000000000800c750       0x2a ./Middlewares/ST/STM32_USB_Device_Library/Class/CDC/Src/usbd_cdc.o
                0x000000000800c750                USBD_CDC_RegisterInterface
 .text.USBD_CDC_SetTxBuffer
                0x000000000800c77a       0x3c ./Middlewares/ST/STM32_USB_Device_Library/Class/CDC/Src/usbd_cdc.o
                0x000000000800c77a                USBD_CDC_SetTxBuffer
 .text.USBD_CDC_SetRxBuffer
                0x000000000800c7b6       0x32 ./Middlewares/ST/STM32_USB_Device_Library/Class/CDC/Src/usbd_cdc.o
                0x000000000800c7b6                USBD_CDC_SetRxBuffer
 .text.USBD_CDC_ReceivePacket
                0x000000000800c7e8       0x54 ./Middlewares/ST/STM32_USB_Device_Library/Class/CDC/Src/usbd_cdc.o
                0x000000000800c7e8                USBD_CDC_ReceivePacket
 .text.USBD_Init
                0x000000000800c83c       0x60 ./Middlewares/ST/STM32_USB_Device_Library/Core/Src/usbd_core.o
                0x000000000800c83c                USBD_Init
 .text.USBD_RegisterClass
                0x000000000800c89c       0x4e ./Middlewares/ST/STM32_USB_Device_Library/Core/Src/usbd_core.o
                0x000000000800c89c                USBD_RegisterClass
 .text.USBD_Start
                0x000000000800c8ea       0x18 ./Middlewares/ST/STM32_USB_Device_Library/Core/Src/usbd_core.o
                0x000000000800c8ea                USBD_Start
 .text.USBD_RunTestMode
                0x000000000800c902       0x16 ./Middlewares/ST/STM32_USB_Device_Library/Core/Src/usbd_core.o
                0x000000000800c902                USBD_RunTestMode
 .text.USBD_SetClassConfig
                0x000000000800c918       0x38 ./Middlewares/ST/STM32_USB_Device_Library/Core/Src/usbd_core.o
                0x000000000800c918                USBD_SetClassConfig
 .text.USBD_ClrClassConfig
                0x000000000800c950       0x30 ./Middlewares/ST/STM32_USB_Device_Library/Core/Src/usbd_core.o
                0x000000000800c950                USBD_ClrClassConfig
 .text.USBD_LL_SetupStage
                0x000000000800c980       0xaa ./Middlewares/ST/STM32_USB_Device_Library/Core/Src/usbd_core.o
                0x000000000800c980                USBD_LL_SetupStage
 .text.USBD_LL_DataOutStage
                0x000000000800ca2a       0xc6 ./Middlewares/ST/STM32_USB_Device_Library/Core/Src/usbd_core.o
                0x000000000800ca2a                USBD_LL_DataOutStage
 .text.USBD_LL_DataInStage
                0x000000000800caf0      0x12c ./Middlewares/ST/STM32_USB_Device_Library/Core/Src/usbd_core.o
                0x000000000800caf0                USBD_LL_DataInStage
 .text.USBD_LL_Reset
                0x000000000800cc1c       0x9c ./Middlewares/ST/STM32_USB_Device_Library/Core/Src/usbd_core.o
                0x000000000800cc1c                USBD_LL_Reset
 .text.USBD_LL_SetSpeed
                0x000000000800ccb8       0x20 ./Middlewares/ST/STM32_USB_Device_Library/Core/Src/usbd_core.o
                0x000000000800ccb8                USBD_LL_SetSpeed
 .text.USBD_LL_Suspend
                0x000000000800ccd8       0x2c ./Middlewares/ST/STM32_USB_Device_Library/Core/Src/usbd_core.o
                0x000000000800ccd8                USBD_LL_Suspend
 .text.USBD_LL_Resume
                0x000000000800cd04       0x30 ./Middlewares/ST/STM32_USB_Device_Library/Core/Src/usbd_core.o
                0x000000000800cd04                USBD_LL_Resume
 .text.USBD_LL_SOF
                0x000000000800cd34       0x44 ./Middlewares/ST/STM32_USB_Device_Library/Core/Src/usbd_core.o
                0x000000000800cd34                USBD_LL_SOF
 .text.USBD_LL_IsoINIncomplete
                0x000000000800cd78       0x4c ./Middlewares/ST/STM32_USB_Device_Library/Core/Src/usbd_core.o
                0x000000000800cd78                USBD_LL_IsoINIncomplete
 .text.USBD_LL_IsoOUTIncomplete
                0x000000000800cdc4       0x4c ./Middlewares/ST/STM32_USB_Device_Library/Core/Src/usbd_core.o
                0x000000000800cdc4                USBD_LL_IsoOUTIncomplete
 .text.USBD_LL_DevConnected
                0x000000000800ce10       0x16 ./Middlewares/ST/STM32_USB_Device_Library/Core/Src/usbd_core.o
                0x000000000800ce10                USBD_LL_DevConnected
 .text.USBD_LL_DevDisconnected
                0x000000000800ce26       0x38 ./Middlewares/ST/STM32_USB_Device_Library/Core/Src/usbd_core.o
                0x000000000800ce26                USBD_LL_DevDisconnected
 .text.SWAPBYTE
                0x000000000800ce5e       0x3c ./Middlewares/ST/STM32_USB_Device_Library/Core/Src/usbd_ctlreq.o
 *fill*         0x000000000800ce9a        0x2 
 .text.USBD_StdDevReq
                0x000000000800ce9c       0xdc ./Middlewares/ST/STM32_USB_Device_Library/Core/Src/usbd_ctlreq.o
                0x000000000800ce9c                USBD_StdDevReq
 .text.USBD_StdItfReq
                0x000000000800cf78       0x92 ./Middlewares/ST/STM32_USB_Device_Library/Core/Src/usbd_ctlreq.o
                0x000000000800cf78                USBD_StdItfReq
 .text.USBD_StdEPReq
                0x000000000800d00a      0x2c4 ./Middlewares/ST/STM32_USB_Device_Library/Core/Src/usbd_ctlreq.o
                0x000000000800d00a                USBD_StdEPReq
 *fill*         0x000000000800d2ce        0x2 
 .text.USBD_GetDescriptor
                0x000000000800d2d0      0x328 ./Middlewares/ST/STM32_USB_Device_Library/Core/Src/usbd_ctlreq.o
 .text.USBD_SetAddress
                0x000000000800d5f8       0x88 ./Middlewares/ST/STM32_USB_Device_Library/Core/Src/usbd_ctlreq.o
 .text.USBD_SetConfig
                0x000000000800d680      0x14c ./Middlewares/ST/STM32_USB_Device_Library/Core/Src/usbd_ctlreq.o
 .text.USBD_GetConfig
                0x000000000800d7cc       0x6c ./Middlewares/ST/STM32_USB_Device_Library/Core/Src/usbd_ctlreq.o
 .text.USBD_GetStatus
                0x000000000800d838       0x68 ./Middlewares/ST/STM32_USB_Device_Library/Core/Src/usbd_ctlreq.o
 .text.USBD_SetFeature
                0x000000000800d8a0       0x28 ./Middlewares/ST/STM32_USB_Device_Library/Core/Src/usbd_ctlreq.o
 .text.USBD_ClrFeature
                0x000000000800d8c8       0x44 ./Middlewares/ST/STM32_USB_Device_Library/Core/Src/usbd_ctlreq.o
 .text.USBD_ParseSetupRequest
                0x000000000800d90c       0x74 ./Middlewares/ST/STM32_USB_Device_Library/Core/Src/usbd_ctlreq.o
                0x000000000800d90c                USBD_ParseSetupRequest
 .text.USBD_CtlError
                0x000000000800d980       0x22 ./Middlewares/ST/STM32_USB_Device_Library/Core/Src/usbd_ctlreq.o
                0x000000000800d980                USBD_CtlError
 .text.USBD_GetString
                0x000000000800d9a2       0x8c ./Middlewares/ST/STM32_USB_Device_Library/Core/Src/usbd_ctlreq.o
                0x000000000800d9a2                USBD_GetString
 .text.USBD_GetLen
                0x000000000800da2e       0x34 ./Middlewares/ST/STM32_USB_Device_Library/Core/Src/usbd_ctlreq.o
 .text.USBD_CtlSendData
                0x000000000800da62       0x36 ./Middlewares/ST/STM32_USB_Device_Library/Core/Src/usbd_ioreq.o
                0x000000000800da62                USBD_CtlSendData
 .text.USBD_CtlContinueSendData
                0x000000000800da98       0x22 ./Middlewares/ST/STM32_USB_Device_Library/Core/Src/usbd_ioreq.o
                0x000000000800da98                USBD_CtlContinueSendData
 .text.USBD_CtlPrepareRx
                0x000000000800daba       0x3a ./Middlewares/ST/STM32_USB_Device_Library/Core/Src/usbd_ioreq.o
                0x000000000800daba                USBD_CtlPrepareRx
 .text.USBD_CtlContinueRx
                0x000000000800daf4       0x22 ./Middlewares/ST/STM32_USB_Device_Library/Core/Src/usbd_ioreq.o
                0x000000000800daf4                USBD_CtlContinueRx
 .text.USBD_CtlSendStatus
                0x000000000800db16       0x26 ./Middlewares/ST/STM32_USB_Device_Library/Core/Src/usbd_ioreq.o
                0x000000000800db16                USBD_CtlSendStatus
 .text.USBD_CtlReceiveStatus
                0x000000000800db3c       0x26 ./Middlewares/ST/STM32_USB_Device_Library/Core/Src/usbd_ioreq.o
                0x000000000800db3c                USBD_CtlReceiveStatus
 *fill*         0x000000000800db62        0x2 
 .text.MX_USB_DEVICE_Init
                0x000000000800db64       0x60 ./USB_DEVICE/App/usb_device.o
                0x000000000800db64                MX_USB_DEVICE_Init
 .text.CDC_Init_FS
                0x000000000800dbc4       0x28 ./USB_DEVICE/App/usbd_cdc_if.o
 .text.CDC_DeInit_FS
                0x000000000800dbec       0x10 ./USB_DEVICE/App/usbd_cdc_if.o
 .text.CDC_Control_FS
                0x000000000800dbfc       0xbc ./USB_DEVICE/App/usbd_cdc_if.o
 .text.CDC_Receive_FS
                0x000000000800dcb8       0x28 ./USB_DEVICE/App/usbd_cdc_if.o
 .text.CDC_TransmitCplt_FS
                0x000000000800dce0       0x22 ./USB_DEVICE/App/usbd_cdc_if.o
 *fill*         0x000000000800dd02        0x2 
 .text.USBD_FS_DeviceDescriptor
                0x000000000800dd04       0x24 ./USB_DEVICE/App/usbd_desc.o
                0x000000000800dd04                USBD_FS_DeviceDescriptor
 .text.USBD_FS_LangIDStrDescriptor
                0x000000000800dd28       0x24 ./USB_DEVICE/App/usbd_desc.o
                0x000000000800dd28                USBD_FS_LangIDStrDescriptor
 .text.USBD_FS_ProductStrDescriptor
                0x000000000800dd4c       0x3c ./USB_DEVICE/App/usbd_desc.o
                0x000000000800dd4c                USBD_FS_ProductStrDescriptor
 .text.USBD_FS_ManufacturerStrDescriptor
                0x000000000800dd88       0x28 ./USB_DEVICE/App/usbd_desc.o
                0x000000000800dd88                USBD_FS_ManufacturerStrDescriptor
 .text.USBD_FS_SerialStrDescriptor
                0x000000000800ddb0       0x24 ./USB_DEVICE/App/usbd_desc.o
                0x000000000800ddb0                USBD_FS_SerialStrDescriptor
 .text.USBD_FS_ConfigStrDescriptor
                0x000000000800ddd4       0x3c ./USB_DEVICE/App/usbd_desc.o
                0x000000000800ddd4                USBD_FS_ConfigStrDescriptor
 .text.USBD_FS_InterfaceStrDescriptor
                0x000000000800de10       0x3c ./USB_DEVICE/App/usbd_desc.o
                0x000000000800de10                USBD_FS_InterfaceStrDescriptor
 .text.USBD_FS_USR_BOSDescriptor
                0x000000000800de4c       0x24 ./USB_DEVICE/App/usbd_desc.o
                0x000000000800de4c                USBD_FS_USR_BOSDescriptor
 .text.Get_SerialNum
                0x000000000800de70       0x58 ./USB_DEVICE/App/usbd_desc.o
 .text.IntToUnicode
                0x000000000800dec8       0x7e ./USB_DEVICE/App/usbd_desc.o
 *fill*         0x000000000800df46        0x2 
 .text.HAL_PCD_MspInit
                0x000000000800df48       0xbc ./USB_DEVICE/Target/usbd_conf.o
                0x000000000800df48                HAL_PCD_MspInit
 .text.HAL_PCD_SetupStageCallback
                0x000000000800e004       0x24 ./USB_DEVICE/Target/usbd_conf.o
                0x000000000800e004                HAL_PCD_SetupStageCallback
 .text.HAL_PCD_DataOutStageCallback
                0x000000000800e028       0x36 ./USB_DEVICE/Target/usbd_conf.o
                0x000000000800e028                HAL_PCD_DataOutStageCallback
 .text.HAL_PCD_DataInStageCallback
                0x000000000800e05e       0x34 ./USB_DEVICE/Target/usbd_conf.o
                0x000000000800e05e                HAL_PCD_DataInStageCallback
 .text.HAL_PCD_SOFCallback
                0x000000000800e092       0x1c ./USB_DEVICE/Target/usbd_conf.o
                0x000000000800e092                HAL_PCD_SOFCallback
 .text.HAL_PCD_ResetCallback
                0x000000000800e0ae       0x3c ./USB_DEVICE/Target/usbd_conf.o
                0x000000000800e0ae                HAL_PCD_ResetCallback
 *fill*         0x000000000800e0ea        0x2 
 .text.HAL_PCD_SuspendCallback
                0x000000000800e0ec       0x4c ./USB_DEVICE/Target/usbd_conf.o
                0x000000000800e0ec                HAL_PCD_SuspendCallback
 .text.HAL_PCD_ResumeCallback
                0x000000000800e138       0x50 ./USB_DEVICE/Target/usbd_conf.o
                0x000000000800e138                HAL_PCD_ResumeCallback
 .text.HAL_PCD_ISOOUTIncompleteCallback
                0x000000000800e188       0x24 ./USB_DEVICE/Target/usbd_conf.o
                0x000000000800e188                HAL_PCD_ISOOUTIncompleteCallback
 .text.HAL_PCD_ISOINIncompleteCallback
                0x000000000800e1ac       0x24 ./USB_DEVICE/Target/usbd_conf.o
                0x000000000800e1ac                HAL_PCD_ISOINIncompleteCallback
 .text.HAL_PCD_ConnectCallback
                0x000000000800e1d0       0x1c ./USB_DEVICE/Target/usbd_conf.o
                0x000000000800e1d0                HAL_PCD_ConnectCallback
 .text.HAL_PCD_DisconnectCallback
                0x000000000800e1ec       0x1c ./USB_DEVICE/Target/usbd_conf.o
                0x000000000800e1ec                HAL_PCD_DisconnectCallback
 .text.USBD_LL_Init
                0x000000000800e208       0x98 ./USB_DEVICE/Target/usbd_conf.o
                0x000000000800e208                USBD_LL_Init
 .text.USBD_LL_Start
                0x000000000800e2a0       0x64 ./USB_DEVICE/Target/usbd_conf.o
                0x000000000800e2a0                USBD_LL_Start
 .text.USBD_LL_OpenEP
                0x000000000800e304       0x7c ./USB_DEVICE/Target/usbd_conf.o
                0x000000000800e304                USBD_LL_OpenEP
 .text.USBD_LL_CloseEP
                0x000000000800e380       0x6c ./USB_DEVICE/Target/usbd_conf.o
                0x000000000800e380                USBD_LL_CloseEP
 .text.USBD_LL_StallEP
                0x000000000800e3ec       0x6c ./USB_DEVICE/Target/usbd_conf.o
                0x000000000800e3ec                USBD_LL_StallEP
 .text.USBD_LL_ClearStallEP
                0x000000000800e458       0x6c ./USB_DEVICE/Target/usbd_conf.o
                0x000000000800e458                USBD_LL_ClearStallEP
 .text.USBD_LL_IsStallEP
                0x000000000800e4c4       0x58 ./USB_DEVICE/Target/usbd_conf.o
                0x000000000800e4c4                USBD_LL_IsStallEP
 .text.USBD_LL_SetUSBAddress
                0x000000000800e51c       0x6c ./USB_DEVICE/Target/usbd_conf.o
                0x000000000800e51c                USBD_LL_SetUSBAddress
 .text.USBD_LL_Transmit
                0x000000000800e588       0x70 ./USB_DEVICE/Target/usbd_conf.o
                0x000000000800e588                USBD_LL_Transmit
 .text.USBD_LL_PrepareReceive
                0x000000000800e5f8       0x70 ./USB_DEVICE/Target/usbd_conf.o
                0x000000000800e5f8                USBD_LL_PrepareReceive
 .text.USBD_LL_GetRxDataSize
                0x000000000800e668       0x26 ./USB_DEVICE/Target/usbd_conf.o
                0x000000000800e668                USBD_LL_GetRxDataSize
 *fill*         0x000000000800e68e        0x2 
 .text.HAL_PCDEx_LPM_Callback
                0x000000000800e690       0x9c ./USB_DEVICE/Target/usbd_conf.o
                0x000000000800e690                HAL_PCDEx_LPM_Callback
 .text.USBD_static_malloc
                0x000000000800e72c       0x1c ./USB_DEVICE/Target/usbd_conf.o
                0x000000000800e72c                USBD_static_malloc
 .text.USBD_static_free
                0x000000000800e748       0x14 ./USB_DEVICE/Target/usbd_conf.o
                0x000000000800e748                USBD_static_free
 .text.SystemClockConfig_Resume
                0x000000000800e75c        0xc ./USB_DEVICE/Target/usbd_conf.o
 .text.__libc_init_array
                0x000000000800e768       0x48 c:/st/stm32cubeide_1.5.0/stm32cubeide/plugins/com.st.stm32cube.ide.mcu.externaltools.gnu-tools-for-stm32.10.3-2021.10.win32_1.0.0.202111181127/tools/bin/../lib/gcc/arm-none-eabi/10.3.1/../../../../arm-none-eabi/lib/thumb/v7e-m+fp/hard\libc_nano.a(lib_a-init.o)
                0x000000000800e768                __libc_init_array
 .text.memset   0x000000000800e7b0       0x10 c:/st/stm32cubeide_1.5.0/stm32cubeide/plugins/com.st.stm32cube.ide.mcu.externaltools.gnu-tools-for-stm32.10.3-2021.10.win32_1.0.0.202111181127/tools/bin/../lib/gcc/arm-none-eabi/10.3.1/../../../../arm-none-eabi/lib/thumb/v7e-m+fp/hard\libc_nano.a(lib_a-memset.o)
                0x000000000800e7b0                memset
 *(.glue_7)
 .glue_7        0x000000000800e7c0        0x0 linker stubs
 *(.glue_7t)
 .glue_7t       0x000000000800e7c0        0x0 linker stubs
 *(.eh_frame)
 .eh_frame      0x000000000800e7c0        0x0 c:/st/stm32cubeide_1.5.0/stm32cubeide/plugins/com.st.stm32cube.ide.mcu.externaltools.gnu-tools-for-stm32.10.3-2021.10.win32_1.0.0.202111181127/tools/bin/../lib/gcc/arm-none-eabi/10.3.1/thumb/v7e-m+fp/hard/crtbegin.o
 *(.init)
 .init          0x000000000800e7c0        0x4 c:/st/stm32cubeide_1.5.0/stm32cubeide/plugins/com.st.stm32cube.ide.mcu.externaltools.gnu-tools-for-stm32.10.3-2021.10.win32_1.0.0.202111181127/tools/bin/../lib/gcc/arm-none-eabi/10.3.1/thumb/v7e-m+fp/hard/crti.o
                0x000000000800e7c0                _init
 .init          0x000000000800e7c4        0x8 c:/st/stm32cubeide_1.5.0/stm32cubeide/plugins/com.st.stm32cube.ide.mcu.externaltools.gnu-tools-for-stm32.10.3-2021.10.win32_1.0.0.202111181127/tools/bin/../lib/gcc/arm-none-eabi/10.3.1/thumb/v7e-m+fp/hard/crtn.o
 *(.fini)
 .fini          0x000000000800e7cc        0x4 c:/st/stm32cubeide_1.5.0/stm32cubeide/plugins/com.st.stm32cube.ide.mcu.externaltools.gnu-tools-for-stm32.10.3-2021.10.win32_1.0.0.202111181127/tools/bin/../lib/gcc/arm-none-eabi/10.3.1/thumb/v7e-m+fp/hard/crti.o
                0x000000000800e7cc                _fini
 .fini          0x000000000800e7d0        0x8 c:/st/stm32cubeide_1.5.0/stm32cubeide/plugins/com.st.stm32cube.ide.mcu.externaltools.gnu-tools-for-stm32.10.3-2021.10.win32_1.0.0.202111181127/tools/bin/../lib/gcc/arm-none-eabi/10.3.1/thumb/v7e-m+fp/hard/crtn.o
                0x000000000800e7d8                . = ALIGN (0x4)
                0x000000000800e7d8                _etext = .

.vfp11_veneer   0x000000000800e7d8        0x0
 .vfp11_veneer  0x000000000800e7d8        0x0 linker stubs

.v4_bx          0x000000000800e7d8        0x0
 .v4_bx         0x000000000800e7d8        0x0 linker stubs

.iplt           0x000000000800e7d8        0x0
 .iplt          0x000000000800e7d8        0x0 c:/st/stm32cubeide_1.5.0/stm32cubeide/plugins/com.st.stm32cube.ide.mcu.externaltools.gnu-tools-for-stm32.10.3-2021.10.win32_1.0.0.202111181127/tools/bin/../lib/gcc/arm-none-eabi/10.3.1/thumb/v7e-m+fp/hard/crtbegin.o

.rodata         0x000000000800e7d8       0xa0
                0x000000000800e7d8                . = ALIGN (0x4)
 *(.rodata)
 .rodata        0x000000000800e7d8        0xe ./Core/Src/main.o
 *fill*         0x000000000800e7e6        0x2 
 .rodata        0x000000000800e7e8       0x46 ./USB_DEVICE/App/usbd_desc.o
 *(.rodata*)
 *fill*         0x000000000800e82e        0x2 
 .rodata.AHBPrescTable
                0x000000000800e830       0x10 ./Core/Src/system_stm32l4xx.o
                0x000000000800e830                AHBPrescTable
 .rodata.APBPrescTable
                0x000000000800e840        0x8 ./Core/Src/system_stm32l4xx.o
                0x000000000800e840                APBPrescTable
 .rodata.MSIRangeTable
                0x000000000800e848       0x30 ./Core/Src/system_stm32l4xx.o
                0x000000000800e848                MSIRangeTable
                0x000000000800e878                . = ALIGN (0x4)

.ARM.extab      0x000000000800e878        0x0
                0x000000000800e878                . = ALIGN (0x4)
 *(.ARM.extab* .gnu.linkonce.armextab.*)
                0x000000000800e878                . = ALIGN (0x4)

.ARM            0x000000000800e878        0x8
                0x000000000800e878                . = ALIGN (0x4)
                0x000000000800e878                __exidx_start = .
 *(.ARM.exidx*)
 .ARM.exidx     0x000000000800e878        0x8 c:/st/stm32cubeide_1.5.0/stm32cubeide/plugins/com.st.stm32cube.ide.mcu.externaltools.gnu-tools-for-stm32.10.3-2021.10.win32_1.0.0.202111181127/tools/bin/../lib/gcc/arm-none-eabi/10.3.1/thumb/v7e-m+fp/hard\libgcc.a(_udivmoddi4.o)
                0x000000000800e880                __exidx_end = .
                0x000000000800e880                . = ALIGN (0x4)

.rel.dyn        0x000000000800e880        0x0
 .rel.iplt      0x000000000800e880        0x0 c:/st/stm32cubeide_1.5.0/stm32cubeide/plugins/com.st.stm32cube.ide.mcu.externaltools.gnu-tools-for-stm32.10.3-2021.10.win32_1.0.0.202111181127/tools/bin/../lib/gcc/arm-none-eabi/10.3.1/thumb/v7e-m+fp/hard/crtbegin.o

.preinit_array  0x000000000800e880        0x0
                0x000000000800e880                . = ALIGN (0x4)
                0x000000000800e880                PROVIDE (__preinit_array_start = .)
 *(.preinit_array*)
                0x000000000800e880                PROVIDE (__preinit_array_end = .)
                0x000000000800e880                . = ALIGN (0x4)

.init_array     0x000000000800e880        0x4
                0x000000000800e880                . = ALIGN (0x4)
                0x000000000800e880                PROVIDE (__init_array_start = .)
 *(SORT_BY_NAME(.init_array.*))
 *(.init_array*)
 .init_array    0x000000000800e880        0x4 c:/st/stm32cubeide_1.5.0/stm32cubeide/plugins/com.st.stm32cube.ide.mcu.externaltools.gnu-tools-for-stm32.10.3-2021.10.win32_1.0.0.202111181127/tools/bin/../lib/gcc/arm-none-eabi/10.3.1/thumb/v7e-m+fp/hard/crtbegin.o
                0x000000000800e884                PROVIDE (__init_array_end = .)
                0x000000000800e884                . = ALIGN (0x4)

.fini_array     0x000000000800e884        0x4
                0x000000000800e884                . = ALIGN (0x4)
                [!provide]                        PROVIDE (__fini_array_start = .)
 *(SORT_BY_NAME(.fini_array.*))
 *(.fini_array*)
 .fini_array    0x000000000800e884        0x4 c:/st/stm32cubeide_1.5.0/stm32cubeide/plugins/com.st.stm32cube.ide.mcu.externaltools.gnu-tools-for-stm32.10.3-2021.10.win32_1.0.0.202111181127/tools/bin/../lib/gcc/arm-none-eabi/10.3.1/thumb/v7e-m+fp/hard/crtbegin.o
                [!provide]                        PROVIDE (__fini_array_end = .)
                0x000000000800e888                . = ALIGN (0x4)
                0x000000000800e888                _sidata = LOADADDR (.data)

.data           0x0000000020000000      0x190 load address 0x000000000800e888
                0x0000000020000000                . = ALIGN (0x4)
                0x0000000020000000                _sdata = .
 *(.data)
 *(.data*)
 .data.SystemCoreClock
                0x0000000020000000        0x4 ./Core/Src/system_stm32l4xx.o
                0x0000000020000000                SystemCoreClock
 .data.uwTickPrio
                0x0000000020000004        0x4 ./Drivers/STM32L4xx_HAL_Driver/Src/stm32l4xx_hal.o
                0x0000000020000004                uwTickPrio
 .data.uwTickFreq
                0x0000000020000008        0x1 ./Drivers/STM32L4xx_HAL_Driver/Src/stm32l4xx_hal.o
                0x0000000020000008                uwTickFreq
 *fill*         0x0000000020000009        0x3 
 .data.USBD_CDC_DeviceQualifierDesc
                0x000000002000000c        0xa ./Middlewares/ST/STM32_USB_Device_Library/Class/CDC/Src/usbd_cdc.o
 *fill*         0x0000000020000016        0x2 
 .data.USBD_CDC
                0x0000000020000018       0x38 ./Middlewares/ST/STM32_USB_Device_Library/Class/CDC/Src/usbd_cdc.o
                0x0000000020000018                USBD_CDC
 .data.USBD_CDC_CfgHSDesc
                0x0000000020000050       0x43 ./Middlewares/ST/STM32_USB_Device_Library/Class/CDC/Src/usbd_cdc.o
 *fill*         0x0000000020000093        0x1 
 .data.USBD_CDC_CfgFSDesc
                0x0000000020000094       0x43 ./Middlewares/ST/STM32_USB_Device_Library/Class/CDC/Src/usbd_cdc.o
 *fill*         0x00000000200000d7        0x1 
 .data.USBD_CDC_OtherSpeedCfgDesc
                0x00000000200000d8       0x43 ./Middlewares/ST/STM32_USB_Device_Library/Class/CDC/Src/usbd_cdc.o
 *fill*         0x000000002000011b        0x1 
 .data.USBD_Interface_fops_FS
                0x000000002000011c       0x14 ./USB_DEVICE/App/usbd_cdc_if.o
                0x000000002000011c                USBD_Interface_fops_FS
 .data.FS_Desc  0x0000000020000130       0x20 ./USB_DEVICE/App/usbd_desc.o
                0x0000000020000130                FS_Desc
 .data.USBD_FS_DeviceDesc
                0x0000000020000150       0x12 ./USB_DEVICE/App/usbd_desc.o
                0x0000000020000150                USBD_FS_DeviceDesc
 *fill*         0x0000000020000162        0x2 
 .data.USBD_FS_BOSDesc
                0x0000000020000164        0xc ./USB_DEVICE/App/usbd_desc.o
                0x0000000020000164                USBD_FS_BOSDesc
 .data.USBD_LangIDDesc
                0x0000000020000170        0x4 ./USB_DEVICE/App/usbd_desc.o
                0x0000000020000170                USBD_LangIDDesc
 .data.USBD_StringSerial
                0x0000000020000174       0x1a ./USB_DEVICE/App/usbd_desc.o
                0x0000000020000174                USBD_StringSerial
 *(.RamFunc)
 *(.RamFunc*)
                0x0000000020000190                . = ALIGN (0x4)
 *fill*         0x000000002000018e        0x2 
                0x0000000020000190                _edata = .

.igot.plt       0x0000000020000190        0x0 load address 0x000000000800ea18
 .igot.plt      0x0000000020000190        0x0 c:/st/stm32cubeide_1.5.0/stm32cubeide/plugins/com.st.stm32cube.ide.mcu.externaltools.gnu-tools-for-stm32.10.3-2021.10.win32_1.0.0.202111181127/tools/bin/../lib/gcc/arm-none-eabi/10.3.1/thumb/v7e-m+fp/hard/crtbegin.o
                0x0000000020000190                . = ALIGN (0x4)

.bss            0x0000000020000190     0x23d4 load address 0x000000000800ea18
                0x0000000020000190                _sbss = .
                0x0000000020000190                __bss_start__ = _sbss
 *(.bss)
 .bss           0x0000000020000190       0x1c c:/st/stm32cubeide_1.5.0/stm32cubeide/plugins/com.st.stm32cube.ide.mcu.externaltools.gnu-tools-for-stm32.10.3-2021.10.win32_1.0.0.202111181127/tools/bin/../lib/gcc/arm-none-eabi/10.3.1/thumb/v7e-m+fp/hard/crtbegin.o
 *(.bss*)
 .bss.hadc1     0x00000000200001ac       0x68 ./Core/Src/main.o
                0x00000000200001ac                hadc1
 .bss.hadc2     0x0000000020000214       0x68 ./Core/Src/main.o
                0x0000000020000214                hadc2
 .bss.hadc3     0x000000002000027c       0x68 ./Core/Src/main.o
                0x000000002000027c                hadc3
 .bss.hdcmi     0x00000000200002e4       0x64 ./Core/Src/main.o
                0x00000000200002e4                hdcmi
 .bss.hdfsdm1_channel1
                0x0000000020000348       0x38 ./Core/Src/main.o
                0x0000000020000348                hdfsdm1_channel1
 .bss.hdfsdm1_channel2
                0x0000000020000380       0x38 ./Core/Src/main.o
                0x0000000020000380                hdfsdm1_channel2
 .bss.hi2c1     0x00000000200003b8       0x54 ./Core/Src/main.o
                0x00000000200003b8                hi2c1
 .bss.hi2c2     0x000000002000040c       0x54 ./Core/Src/main.o
                0x000000002000040c                hi2c2
 .bss.hlpuart1  0x0000000020000460       0x84 ./Core/Src/main.o
                0x0000000020000460                hlpuart1
 .bss.huart1    0x00000000200004e4       0x84 ./Core/Src/main.o
                0x00000000200004e4                huart1
 .bss.huart2    0x0000000020000568       0x84 ./Core/Src/main.o
                0x0000000020000568                huart2
 .bss.hqspi     0x00000000200005ec       0x4c ./Core/Src/main.o
                0x00000000200005ec                hqspi
 .bss.hsai_BlockA1
                0x0000000020000638       0x84 ./Core/Src/main.o
                0x0000000020000638                hsai_BlockA1
 .bss.hsai_BlockB1
                0x00000000200006bc       0x84 ./Core/Src/main.o
                0x00000000200006bc                hsai_BlockB1
 .bss.hsd1      0x0000000020000740       0x84 ./Core/Src/main.o
                0x0000000020000740                hsd1
 .bss.hspi1     0x00000000200007c4       0x64 ./Core/Src/main.o
                0x00000000200007c4                hspi1
 .bss.hspi2     0x0000000020000828       0x64 ./Core/Src/main.o
                0x0000000020000828                hspi2
 .bss.hsram1    0x000000002000088c       0x50 ./Core/Src/main.o
                0x000000002000088c                hsram1
 .bss.hsram2    0x00000000200008dc       0x50 ./Core/Src/main.o
                0x00000000200008dc                hsram2
 .bss.HAL_RCC_ADC_CLK_ENABLED
                0x000000002000092c        0x4 ./Core/Src/stm32l4xx_hal_msp.o
 .bss.DFSDM1_Init
                0x0000000020000930        0x4 ./Core/Src/stm32l4xx_hal_msp.o
 .bss.FMC_Initialized
                0x0000000020000934        0x4 ./Core/Src/stm32l4xx_hal_msp.o
 .bss.SAI1_client
                0x0000000020000938        0x4 ./Core/Src/stm32l4xx_hal_msp.o
 .bss.uwTick    0x000000002000093c        0x4 ./Drivers/STM32L4xx_HAL_Driver/Src/stm32l4xx_hal.o
                0x000000002000093c                uwTick
 .bss.v_dfsdm1ChannelCounter
                0x0000000020000940        0x4 ./Drivers/STM32L4xx_HAL_Driver/Src/stm32l4xx_hal_dfsdm.o
 .bss.a_dfsdm1ChannelHandle
                0x0000000020000944       0x20 ./Drivers/STM32L4xx_HAL_Driver/Src/stm32l4xx_hal_dfsdm.o
 .bss.cfgidx.0  0x0000000020000964        0x1 ./Middlewares/ST/STM32_USB_Device_Library/Core/Src/usbd_ctlreq.o
 *fill*         0x0000000020000965        0x3 
 .bss.hUsbDeviceFS
                0x0000000020000968      0x2d0 ./USB_DEVICE/App/usb_device.o
                0x0000000020000968                hUsbDeviceFS
 .bss.UserRxBufferFS
                0x0000000020000c38      0x800 ./USB_DEVICE/App/usbd_cdc_if.o
                0x0000000020000c38                UserRxBufferFS
 .bss.UserTxBufferFS
                0x0000000020001438      0x800 ./USB_DEVICE/App/usbd_cdc_if.o
                0x0000000020001438                UserTxBufferFS
 .bss.USBD_StrDesc
                0x0000000020001c38      0x200 ./USB_DEVICE/App/usbd_desc.o
                0x0000000020001c38                USBD_StrDesc
 .bss.hpcd_USB_OTG_FS
                0x0000000020001e38      0x50c ./USB_DEVICE/Target/usbd_conf.o
                0x0000000020001e38                hpcd_USB_OTG_FS
 .bss.mem.0     0x0000000020002344      0x220 ./USB_DEVICE/Target/usbd_conf.o
 *(COMMON)
                0x0000000020002564                . = ALIGN (0x4)
                0x0000000020002564                _ebss = .
                0x0000000020002564                __bss_end__ = _ebss

._user_heap_stack
                0x0000000020002564      0x604 load address 0x000000000800ea18
                0x0000000020002568                . = ALIGN (0x8)
 *fill*         0x0000000020002564        0x4 
                [!provide]                        PROVIDE (end = .)
                0x0000000020002568                PROVIDE (_end = .)
                0x0000000020002768                . = (. + _Min_Heap_Size)
 *fill*         0x0000000020002568      0x200 
                0x0000000020002b68                . = (. + _Min_Stack_Size)
 *fill*         0x0000000020002768      0x400 
                0x0000000020002b68                . = ALIGN (0x8)

/DISCARD/
 libc.a(*)
 libm.a(*)
 libgcc.a(*)

.ARM.attributes
                0x0000000000000000       0x30
 *(.ARM.attributes)
 .ARM.attributes
                0x0000000000000000       0x1e c:/st/stm32cubeide_1.5.0/stm32cubeide/plugins/com.st.stm32cube.ide.mcu.externaltools.gnu-tools-for-stm32.10.3-2021.10.win32_1.0.0.202111181127/tools/bin/../lib/gcc/arm-none-eabi/10.3.1/thumb/v7e-m+fp/hard/crti.o
 .ARM.attributes
                0x000000000000001e       0x34 c:/st/stm32cubeide_1.5.0/stm32cubeide/plugins/com.st.stm32cube.ide.mcu.externaltools.gnu-tools-for-stm32.10.3-2021.10.win32_1.0.0.202111181127/tools/bin/../lib/gcc/arm-none-eabi/10.3.1/thumb/v7e-m+fp/hard/crtbegin.o
 .ARM.attributes
                0x0000000000000052       0x34 ./Core/Src/main.o
 .ARM.attributes
                0x0000000000000086       0x34 ./Core/Src/stm32l4xx_hal_msp.o
 .ARM.attributes
                0x00000000000000ba       0x34 ./Core/Src/stm32l4xx_it.o
 .ARM.attributes
                0x00000000000000ee       0x34 ./Core/Src/system_stm32l4xx.o
 .ARM.attributes
                0x0000000000000122       0x21 ./Core/Startup/startup_stm32l496agix.o
 .ARM.attributes
                0x0000000000000143       0x34 ./Drivers/STM32L4xx_HAL_Driver/Src/stm32l4xx_hal.o
 .ARM.attributes
                0x0000000000000177       0x34 ./Drivers/STM32L4xx_HAL_Driver/Src/stm32l4xx_hal_adc.o
 .ARM.attributes
                0x00000000000001ab       0x34 ./Drivers/STM32L4xx_HAL_Driver/Src/stm32l4xx_hal_adc_ex.o
 .ARM.attributes
                0x00000000000001df       0x34 ./Drivers/STM32L4xx_HAL_Driver/Src/stm32l4xx_hal_cortex.o
 .ARM.attributes
                0x0000000000000213       0x34 ./Drivers/STM32L4xx_HAL_Driver/Src/stm32l4xx_hal_dcmi.o
 .ARM.attributes
                0x0000000000000247       0x34 ./Drivers/STM32L4xx_HAL_Driver/Src/stm32l4xx_hal_dfsdm.o
 .ARM.attributes
                0x000000000000027b       0x34 ./Drivers/STM32L4xx_HAL_Driver/Src/stm32l4xx_hal_dma.o
 .ARM.attributes
                0x00000000000002af       0x34 ./Drivers/STM32L4xx_HAL_Driver/Src/stm32l4xx_hal_gpio.o
 .ARM.attributes
                0x00000000000002e3       0x34 ./Drivers/STM32L4xx_HAL_Driver/Src/stm32l4xx_hal_i2c.o
 .ARM.attributes
                0x0000000000000317       0x34 ./Drivers/STM32L4xx_HAL_Driver/Src/stm32l4xx_hal_i2c_ex.o
 .ARM.attributes
                0x000000000000034b       0x34 ./Drivers/STM32L4xx_HAL_Driver/Src/stm32l4xx_hal_pcd.o
 .ARM.attributes
                0x000000000000037f       0x34 ./Drivers/STM32L4xx_HAL_Driver/Src/stm32l4xx_hal_pcd_ex.o
 .ARM.attributes
                0x00000000000003b3       0x34 ./Drivers/STM32L4xx_HAL_Driver/Src/stm32l4xx_hal_pwr.o
 .ARM.attributes
                0x00000000000003e7       0x34 ./Drivers/STM32L4xx_HAL_Driver/Src/stm32l4xx_hal_pwr_ex.o
 .ARM.attributes
                0x000000000000041b       0x34 ./Drivers/STM32L4xx_HAL_Driver/Src/stm32l4xx_hal_qspi.o
 .ARM.attributes
                0x000000000000044f       0x34 ./Drivers/STM32L4xx_HAL_Driver/Src/stm32l4xx_hal_rcc.o
 .ARM.attributes
                0x0000000000000483       0x34 ./Drivers/STM32L4xx_HAL_Driver/Src/stm32l4xx_hal_rcc_ex.o
 .ARM.attributes
                0x00000000000004b7       0x34 ./Drivers/STM32L4xx_HAL_Driver/Src/stm32l4xx_hal_sai.o
 .ARM.attributes
                0x00000000000004eb       0x34 ./Drivers/STM32L4xx_HAL_Driver/Src/stm32l4xx_hal_sd.o
 .ARM.attributes
                0x000000000000051f       0x34 ./Drivers/STM32L4xx_HAL_Driver/Src/stm32l4xx_hal_spi.o
 .ARM.attributes
                0x0000000000000553       0x34 ./Drivers/STM32L4xx_HAL_Driver/Src/stm32l4xx_hal_sram.o
 .ARM.attributes
                0x0000000000000587       0x34 ./Drivers/STM32L4xx_HAL_Driver/Src/stm32l4xx_hal_uart.o
 .ARM.attributes
                0x00000000000005bb       0x34 ./Drivers/STM32L4xx_HAL_Driver/Src/stm32l4xx_hal_uart_ex.o
 .ARM.attributes
                0x00000000000005ef       0x34 ./Drivers/STM32L4xx_HAL_Driver/Src/stm32l4xx_ll_fmc.o
 .ARM.attributes
                0x0000000000000623       0x34 ./Drivers/STM32L4xx_HAL_Driver/Src/stm32l4xx_ll_sdmmc.o
 .ARM.attributes
                0x0000000000000657       0x34 ./Drivers/STM32L4xx_HAL_Driver/Src/stm32l4xx_ll_usb.o
 .ARM.attributes
                0x000000000000068b       0x34 ./Middlewares/ST/STM32_USB_Device_Library/Class/CDC/Src/usbd_cdc.o
 .ARM.attributes
                0x00000000000006bf       0x34 ./Middlewares/ST/STM32_USB_Device_Library/Core/Src/usbd_core.o
 .ARM.attributes
                0x00000000000006f3       0x34 ./Middlewares/ST/STM32_USB_Device_Library/Core/Src/usbd_ctlreq.o
 .ARM.attributes
                0x0000000000000727       0x34 ./Middlewares/ST/STM32_USB_Device_Library/Core/Src/usbd_ioreq.o
 .ARM.attributes
                0x000000000000075b       0x34 ./USB_DEVICE/App/usb_device.o
 .ARM.attributes
                0x000000000000078f       0x34 ./USB_DEVICE/App/usbd_cdc_if.o
 .ARM.attributes
                0x00000000000007c3       0x34 ./USB_DEVICE/App/usbd_desc.o
 .ARM.attributes
                0x00000000000007f7       0x34 ./USB_DEVICE/Target/usbd_conf.o
 .ARM.attributes
                0x000000000000082b       0x34 c:/st/stm32cubeide_1.5.0/stm32cubeide/plugins/com.st.stm32cube.ide.mcu.externaltools.gnu-tools-for-stm32.10.3-2021.10.win32_1.0.0.202111181127/tools/bin/../lib/gcc/arm-none-eabi/10.3.1/../../../../arm-none-eabi/lib/thumb/v7e-m+fp/hard\libc_nano.a(lib_a-init.o)
 .ARM.attributes
                0x000000000000085f       0x34 c:/st/stm32cubeide_1.5.0/stm32cubeide/plugins/com.st.stm32cube.ide.mcu.externaltools.gnu-tools-for-stm32.10.3-2021.10.win32_1.0.0.202111181127/tools/bin/../lib/gcc/arm-none-eabi/10.3.1/../../../../arm-none-eabi/lib/thumb/v7e-m+fp/hard\libc_nano.a(lib_a-memset.o)
 .ARM.attributes
                0x0000000000000893       0x17 c:/st/stm32cubeide_1.5.0/stm32cubeide/plugins/com.st.stm32cube.ide.mcu.externaltools.gnu-tools-for-stm32.10.3-2021.10.win32_1.0.0.202111181127/tools/bin/../lib/gcc/arm-none-eabi/10.3.1/../../../../arm-none-eabi/lib/thumb/v7e-m+fp/hard\libc_nano.a(lib_a-strlen.o)
 .ARM.attributes
                0x00000000000008aa       0x1e c:/st/stm32cubeide_1.5.0/stm32cubeide/plugins/com.st.stm32cube.ide.mcu.externaltools.gnu-tools-for-stm32.10.3-2021.10.win32_1.0.0.202111181127/tools/bin/../lib/gcc/arm-none-eabi/10.3.1/thumb/v7e-m+fp/hard\libgcc.a(_aeabi_uldivmod.o)
 .ARM.attributes
                0x00000000000008c8       0x34 c:/st/stm32cubeide_1.5.0/stm32cubeide/plugins/com.st.stm32cube.ide.mcu.externaltools.gnu-tools-for-stm32.10.3-2021.10.win32_1.0.0.202111181127/tools/bin/../lib/gcc/arm-none-eabi/10.3.1/thumb/v7e-m+fp/hard\libgcc.a(_udivmoddi4.o)
 .ARM.attributes
                0x00000000000008fc       0x1e c:/st/stm32cubeide_1.5.0/stm32cubeide/plugins/com.st.stm32cube.ide.mcu.externaltools.gnu-tools-for-stm32.10.3-2021.10.win32_1.0.0.202111181127/tools/bin/../lib/gcc/arm-none-eabi/10.3.1/thumb/v7e-m+fp/hard\libgcc.a(_dvmd_tls.o)
 .ARM.attributes
                0x000000000000091a       0x1e c:/st/stm32cubeide_1.5.0/stm32cubeide/plugins/com.st.stm32cube.ide.mcu.externaltools.gnu-tools-for-stm32.10.3-2021.10.win32_1.0.0.202111181127/tools/bin/../lib/gcc/arm-none-eabi/10.3.1/thumb/v7e-m+fp/hard/crtn.o
OUTPUT(GW_Quectel.elf elf32-littlearm)
LOAD linker stubs