../Core/Src/main.c:110:5:main	120	static
../Core/Src/main.c:290:6:SystemClock_Config	96	static
../Core/Src/main.c:350:6:PeriphCommonClock_Config	152	static
../Core/Src/main.c:380:13:MX_NVIC_Init	8	static
../Core/Src/main.c:401:13:MX_ADC1_Init	48	static
../Core/Src/main.c:468:13:MX_ADC2_Init	32	static
../Core/Src/main.c:526:13:MX_ADC3_Init	32	static
../Core/Src/main.c:584:13:MX_DCMI_Init	8	static
../Core/Src/main.c:624:13:MX_DFSDM1_Init	8	static
../Core/Src/main.c:679:13:MX_I2C1_Init	8	static
../Core/Src/main.c:727:13:MX_I2C2_Init	8	static
../Core/Src/main.c:775:13:MX_LPUART1_UART_Init	8	static
../Core/Src/main.c:809:13:MX_USART1_UART_Init	8	static
../Core/Src/main.c:844:13:MX_USART2_UART_Init	8	static
../Core/Src/main.c:879:13:MX_QUADSPI_Init	8	static
../Core/Src/main.c:914:13:MX_SAI1_Init	8	static
../Core/Src/main.c:989:13:MX_SDMMC1_SD_Init	8	static
../Core/Src/main.c:1025:13:MX_SPI1_Init	8	static
../Core/Src/main.c:1065:13:MX_SPI2_Init	8	static
../Core/Src/main.c:1101:13:MX_FMC_Init	40	static
../Core/Src/main.c:1194:13:MX_GPIO_Init	64	static
../Core/Src/main.c:1344:6:Error_Handler	4	static,ignoring_inline_asm
