../Core/Src/main.c:110:5:main	128	static
../Core/Src/main.c:296:6:SystemClock_Config	96	static
../Core/Src/main.c:356:6:PeriphCommonClock_Config	152	static
../Core/Src/main.c:386:13:MX_NVIC_Init	8	static
../Core/Src/main.c:407:13:MX_ADC1_Init	48	static
../Core/Src/main.c:474:13:MX_ADC2_Init	32	static
../Core/Src/main.c:532:13:MX_ADC3_Init	32	static
../Core/Src/main.c:590:13:MX_DCMI_Init	8	static
../Core/Src/main.c:630:13:MX_DFSDM1_Init	8	static
../Core/Src/main.c:685:13:MX_I2C1_Init	8	static
../Core/Src/main.c:733:13:MX_I2C2_Init	8	static
../Core/Src/main.c:781:13:MX_LPUART1_UART_Init	8	static
../Core/Src/main.c:815:13:MX_USART1_UART_Init	8	static
../Core/Src/main.c:850:13:MX_USART2_UART_Init	8	static
../Core/Src/main.c:885:13:MX_QUADSPI_Init	8	static
../Core/Src/main.c:920:13:MX_SAI1_Init	8	static
../Core/Src/main.c:995:13:MX_SDMMC1_SD_Init	8	static
../Core/Src/main.c:1031:13:MX_SPI1_Init	8	static
../Core/Src/main.c:1071:13:MX_SPI2_Init	8	static
../Core/Src/main.c:1107:13:MX_FMC_Init	40	static
../Core/Src/main.c:1200:13:MX_GPIO_Init	64	static
../Core/Src/main.c:1350:6:Error_Handler	4	static,ignoring_inline_asm
